

================================================================
== Vitis HLS Report for 'MultiPixStream2AXIvideo'
================================================================
* Date:           Thu Nov 23 12:36:10 2023

* Version:        2023.2 (Build 4023990 on Oct 11 2023)
* Project:        prj
* Solution:       sol (Vivado IP Flow Target)
* Product family: zynq
* Target device:  xc7z010-clg400-1


================================================================
== Performance Estimates
================================================================
+ Timing: 
    * Summary: 
    +--------+---------+----------+------------+
    |  Clock |  Target | Estimated| Uncertainty|
    +--------+---------+----------+------------+
    |ap_clk  |  9.26 ns|  5.628 ns|     2.50 ns|
    +--------+---------+----------+------------+

+ Latency: 
    * Summary: 
    +---------+---------+----------+-----------+-----+---------+---------+
    |  Latency (cycles) |  Latency (absolute)  |    Interval   | Pipeline|
    |   min   |   max   |    min   |    max    | min |   max   |   Type  |
    +---------+---------+----------+-----------+-----+---------+---------+
    |        1|  8860321|  9.259 ns|  82.038 ms|    1|  8860321|       no|
    +---------+---------+----------+-----------+-----+---------+---------+

    + Detail: 
        * Instance: 
        N/A

        * Loop: 
        +--------------------+---------+---------+----------+-----------+-----------+----------+----------+
        |                    |  Latency (cycles) | Iteration|  Initiation Interval  |   Trip   |          |
        |      Loop Name     |   min   |   max   |  Latency |  achieved |   target  |   Count  | Pipelined|
        +--------------------+---------+---------+----------+-----------+-----------+----------+----------+
        |- VITIS_LOOP_979_1  |        0|  8860320|  6 ~ 4102|          -|          -|  0 ~ 2160|        no|
        +--------------------+---------+---------+----------+-----------+-----------+----------+----------+

============================================================
+ Verbose Summary: Synthesis Manager
============================================================
InlineROM: 1
ExposeGlobal: 0
============================================================
+ Verbose Summary: CDFG Model
============================================================
IsTopModel: 0
ResetActiveHigh: 1
IsCombinational: 2
IsDatapathOnly: 0
HasWiredReturn: 1
HasMFsm: 0
HasVarLatency: 1
IsPipeline: 0
IsRtlPipelined: 0
IsInstanceOverlapped: 0
IsDontTouch: 0
HasImplIP: 0
IsGatedGlobalClock: 0


============================================================
+ Verbose Summary: Schedule
============================================================
* Number of FSM states : 4
* Pipeline : 0
* Dataflow Pipeline: 0

* FSM state transitions: 
1 --> 2 
2 --> 3 
3 --> 4 
4 --> 2 

* FSM state operations: 

State 1 <SV = 0> <Delay = 5.05>
ST_1 : Operation 5 [1/1] (0.00ns)   --->   "%i = alloca i32 1" [C:/Xil_prj/hdmi_out/hdmi_out.runs/hdmi_out_v_tpg_0_0_synth_1/prj/sol/.autopilot/db/v_tpg.cpp:979->C:/Xil_prj/hdmi_out/hdmi_out.runs/hdmi_out_v_tpg_0_0_synth_1/prj/sol/.autopilot/db/v_tpg.cpp:399]   --->   Operation 5 'alloca' 'i' <Predicate = true> <Delay = 0.00>
ST_1 : Operation 6 [1/1] (0.00ns)   --->   "%counter_loc_0_i = alloca i32 1"   --->   Operation 6 'alloca' 'counter_loc_0_i' <Predicate = true> <Delay = 0.00>
ST_1 : Operation 7 [1/1] (0.00ns)   --->   "%p_phi_i_loc = alloca i64 1"   --->   Operation 7 'alloca' 'p_phi_i_loc' <Predicate = true> <Delay = 0.00>
ST_1 : Operation 8 [1/1] (0.00ns)   --->   "%specinterface_ln0 = specinterface void @_ssdm_op_SpecInterface, i8 %colorFormat_val17, void @ap_fifo_str, i32 0, i32 0, void @p_str, i32 0, i32 0, void @p_str, void @p_str, void @p_str, i32 2, i32 2, i32 16, i32 16, void @p_str, void @ScalarProp_str, i32 4294967295, i32 0"   --->   Operation 8 'specinterface' 'specinterface_ln0' <Predicate = true> <Delay = 0.00>
ST_1 : Operation 9 [1/1] (3.37ns)   --->   "%colorFormat_val17_read = read i8 @_ssdm_op_Read.ap_fifo.i8P0A, i8 %colorFormat_val17"   --->   Operation 9 'read' 'colorFormat_val17_read' <Predicate = true> <Delay = 3.37> <CoreInst = "FIFO_SRL">   --->   Core 81 'FIFO_SRL' <Latency = 0> <II = 1> <Delay = 3.63> <Storage> <Opcode : 'read' 'write' 'nbread' 'nbwrite'> <Ports = 0> <Width = 8> <Depth = 2> <FIFO>
ST_1 : Operation 10 [1/1] (0.00ns)   --->   "%specinterface_ln0 = specinterface void @_ssdm_op_SpecInterface, i1 %fid_in_val9, void @ap_fifo_str, i32 0, i32 0, void @p_str, i32 0, i32 0, void @p_str, void @p_str, void @p_str, i32 2, i32 2, i32 16, i32 16, void @p_str, void @ScalarProp_str, i32 4294967295, i32 0"   --->   Operation 10 'specinterface' 'specinterface_ln0' <Predicate = true> <Delay = 0.00>
ST_1 : Operation 11 [1/1] (3.37ns)   --->   "%fid_in_val9_read = read i1 @_ssdm_op_Read.ap_fifo.i1P0A, i1 %fid_in_val9"   --->   Operation 11 'read' 'fid_in_val9_read' <Predicate = true> <Delay = 3.37> <CoreInst = "FIFO_SRL">   --->   Core 81 'FIFO_SRL' <Latency = 0> <II = 1> <Delay = 3.63> <Storage> <Opcode : 'read' 'write' 'nbread' 'nbwrite'> <Ports = 0> <Width = 1> <Depth = 4> <FIFO>
ST_1 : Operation 12 [1/1] (0.00ns)   --->   "%specinterface_ln0 = specinterface void @_ssdm_op_SpecInterface, i16 %field_id_val8, void @ap_fifo_str, i32 0, i32 0, void @p_str, i32 0, i32 0, void @p_str, void @p_str, void @p_str, i32 2, i32 2, i32 16, i32 16, void @p_str, void @ScalarProp_str, i32 4294967295, i32 0"   --->   Operation 12 'specinterface' 'specinterface_ln0' <Predicate = true> <Delay = 0.00>
ST_1 : Operation 13 [1/1] (3.37ns)   --->   "%field_id_val8_read = read i16 @_ssdm_op_Read.ap_fifo.i16P0A, i16 %field_id_val8"   --->   Operation 13 'read' 'field_id_val8_read' <Predicate = true> <Delay = 3.37> <CoreInst = "FIFO_SRL">   --->   Core 81 'FIFO_SRL' <Latency = 0> <II = 1> <Delay = 3.63> <Storage> <Opcode : 'read' 'write' 'nbread' 'nbwrite'> <Ports = 0> <Width = 16> <Depth = 4> <FIFO>
ST_1 : Operation 14 [1/1] (0.00ns)   --->   "%specinterface_ln0 = specinterface void @_ssdm_op_SpecInterface, i13 %width_val7, void @ap_fifo_str, i32 0, i32 0, void @p_str, i32 0, i32 0, void @p_str, void @p_str, void @p_str, i32 2, i32 2, i32 16, i32 16, void @p_str, void @ScalarProp_str, i32 4294967295, i32 0"   --->   Operation 14 'specinterface' 'specinterface_ln0' <Predicate = true> <Delay = 0.00>
ST_1 : Operation 15 [1/1] (3.37ns)   --->   "%cols = read i13 @_ssdm_op_Read.ap_fifo.i13P0A, i13 %width_val7"   --->   Operation 15 'read' 'cols' <Predicate = true> <Delay = 3.37> <CoreInst = "FIFO_SRL">   --->   Core 81 'FIFO_SRL' <Latency = 0> <II = 1> <Delay = 3.63> <Storage> <Opcode : 'read' 'write' 'nbread' 'nbwrite'> <Ports = 0> <Width = 13> <Depth = 2> <FIFO>
ST_1 : Operation 16 [1/1] (0.00ns)   --->   "%specinterface_ln0 = specinterface void @_ssdm_op_SpecInterface, i12 %height_val4, void @ap_fifo_str, i32 0, i32 0, void @p_str, i32 0, i32 0, void @p_str, void @p_str, void @p_str, i32 2, i32 2, i32 16, i32 16, void @p_str, void @ScalarProp_str, i32 4294967295, i32 0"   --->   Operation 16 'specinterface' 'specinterface_ln0' <Predicate = true> <Delay = 0.00>
ST_1 : Operation 17 [1/1] (3.37ns)   --->   "%rows = read i12 @_ssdm_op_Read.ap_fifo.i12P0A, i12 %height_val4"   --->   Operation 17 'read' 'rows' <Predicate = true> <Delay = 3.37> <CoreInst = "FIFO_SRL">   --->   Core 81 'FIFO_SRL' <Latency = 0> <II = 1> <Delay = 3.63> <Storage> <Opcode : 'read' 'write' 'nbread' 'nbwrite'> <Ports = 0> <Width = 12> <Depth = 2> <FIFO>
ST_1 : Operation 18 [1/1] (0.00ns)   --->   "%specaxissidechannel_ln0 = specaxissidechannel void @_ssdm_op_SpecAXISSideChannel, i24 %m_axis_video_V_data_V, i3 %m_axis_video_V_keep_V, i3 %m_axis_video_V_strb_V, i1 %m_axis_video_V_user_V, i1 %m_axis_video_V_last_V, i1 %m_axis_video_V_id_V, i1 %m_axis_video_V_dest_V, void @empty_21"   --->   Operation 18 'specaxissidechannel' 'specaxissidechannel_ln0' <Predicate = true> <Delay = 0.00>
ST_1 : Operation 19 [1/1] (0.00ns)   --->   "%specinterface_ln0 = specinterface void @_ssdm_op_SpecInterface, i24 %ovrlayYUV, void @empty_19, i32 0, i32 0, void @empty_9, i32 0, i32 0, void @empty_9, void @empty_9, void @empty_9, i32 0, i32 0, i32 0, i32 0, void @empty_9, void @empty_9, i32 4294967295, i32 0"   --->   Operation 19 'specinterface' 'specinterface_ln0' <Predicate = true> <Delay = 0.00>
ST_1 : Operation 20 [1/1] (0.00ns)   --->   "%specinterface_ln0 = specinterface void @_ssdm_op_SpecInterface, i24 %m_axis_video_V_data_V, i3 %m_axis_video_V_keep_V, i3 %m_axis_video_V_strb_V, i1 %m_axis_video_V_user_V, i1 %m_axis_video_V_last_V, i1 %m_axis_video_V_id_V, i1 %m_axis_video_V_dest_V, void @empty_6, i32 0, i32 0, void @empty_35, i32 0, i32 0, void @empty_9, void @empty_9, void @empty_9, i32 0, i32 0, i32 0, i32 0, void @empty_9, void @empty_9, i32 4294967295, i32 0"   --->   Operation 20 'specinterface' 'specinterface_ln0' <Predicate = true> <Delay = 0.00>
ST_1 : Operation 21 [1/1] (0.00ns)   --->   "%fidStored_load = load i1 %fidStored" [C:/Xil_prj/hdmi_out/hdmi_out.runs/hdmi_out_v_tpg_0_0_synth_1/prj/sol/.autopilot/db/v_tpg.cpp:978->C:/Xil_prj/hdmi_out/hdmi_out.runs/hdmi_out_v_tpg_0_0_synth_1/prj/sol/.autopilot/db/v_tpg.cpp:399]   --->   Operation 21 'load' 'fidStored_load' <Predicate = true> <Delay = 0.00>
ST_1 : Operation 22 [1/1] (0.00ns)   --->   "%write_ln978 = write void @_ssdm_op_Write.ap_auto.i1P0A, i1 %fid, i1 %fidStored_load" [C:/Xil_prj/hdmi_out/hdmi_out.runs/hdmi_out_v_tpg_0_0_synth_1/prj/sol/.autopilot/db/v_tpg.cpp:978->C:/Xil_prj/hdmi_out/hdmi_out.runs/hdmi_out_v_tpg_0_0_synth_1/prj/sol/.autopilot/db/v_tpg.cpp:399]   --->   Operation 22 'write' 'write_ln978' <Predicate = true> <Delay = 0.00>
ST_1 : Operation 23 [1/1] (1.67ns)   --->   "%sub_i = add i13 %cols, i13 8191"   --->   Operation 23 'add' 'sub_i' <Predicate = true> <Delay = 1.67> <CoreInst = "Adder">   --->   Core 1 'Adder' <Latency = 0> <II = 1> <Delay = 1.67> <FuncUnit> <Opcode : 'add' 'sub'> <InPorts = 2> <OutPorts = 1>
ST_1 : Operation 24 [1/1] (1.67ns)   --->   "%icmp_ln979 = icmp_eq  i13 %cols, i13 0" [C:/Xil_prj/hdmi_out/hdmi_out.runs/hdmi_out_v_tpg_0_0_synth_1/prj/sol/.autopilot/db/v_tpg.cpp:979->C:/Xil_prj/hdmi_out/hdmi_out.runs/hdmi_out_v_tpg_0_0_synth_1/prj/sol/.autopilot/db/v_tpg.cpp:399]   --->   Operation 24 'icmp' 'icmp_ln979' <Predicate = true> <Delay = 1.67> <CoreInst = "Cmp">   --->   Core 9 'Cmp' <Latency = 0> <II = 1> <Delay = 1.67> <FuncUnit> <Opcode : 'icmp'> <InPorts = 2> <OutPorts = 1>
ST_1 : Operation 25 [1/1] (0.00ns)   --->   "%counter_load = load i16 %counter" [C:/Xil_prj/hdmi_out/hdmi_out.runs/hdmi_out_v_tpg_0_0_synth_1/prj/sol/.autopilot/db/v_tpg.cpp:1005->C:/Xil_prj/hdmi_out/hdmi_out.runs/hdmi_out_v_tpg_0_0_synth_1/prj/sol/.autopilot/db/v_tpg.cpp:399]   --->   Operation 25 'load' 'counter_load' <Predicate = true> <Delay = 0.00>
ST_1 : Operation 26 [1/1] (0.00ns)   --->   "%store_ln1005 = store i16 %counter_load, i16 %counter_loc_0_i" [C:/Xil_prj/hdmi_out/hdmi_out.runs/hdmi_out_v_tpg_0_0_synth_1/prj/sol/.autopilot/db/v_tpg.cpp:1005->C:/Xil_prj/hdmi_out/hdmi_out.runs/hdmi_out_v_tpg_0_0_synth_1/prj/sol/.autopilot/db/v_tpg.cpp:399]   --->   Operation 26 'store' 'store_ln1005' <Predicate = true> <Delay = 0.00>
ST_1 : Operation 27 [1/1] (1.58ns)   --->   "%store_ln979 = store i12 0, i12 %i" [C:/Xil_prj/hdmi_out/hdmi_out.runs/hdmi_out_v_tpg_0_0_synth_1/prj/sol/.autopilot/db/v_tpg.cpp:979->C:/Xil_prj/hdmi_out/hdmi_out.runs/hdmi_out_v_tpg_0_0_synth_1/prj/sol/.autopilot/db/v_tpg.cpp:399]   --->   Operation 27 'store' 'store_ln979' <Predicate = true> <Delay = 1.58>
ST_1 : Operation 28 [1/1] (1.58ns)   --->   "%br_ln979 = br void %VITIS_LOOP_981_2.i" [C:/Xil_prj/hdmi_out/hdmi_out.runs/hdmi_out_v_tpg_0_0_synth_1/prj/sol/.autopilot/db/v_tpg.cpp:979->C:/Xil_prj/hdmi_out/hdmi_out.runs/hdmi_out_v_tpg_0_0_synth_1/prj/sol/.autopilot/db/v_tpg.cpp:399]   --->   Operation 28 'br' 'br_ln979' <Predicate = true> <Delay = 1.58>

State 2 <SV = 1> <Delay = 3.13>
ST_2 : Operation 29 [1/1] (0.00ns)   --->   "%empty = phi i1 %fidStored_load, void %entry, i1 %p_phi_i_loc_load, void %VITIS_LOOP_981_2.split.i" [C:/Xil_prj/hdmi_out/hdmi_out.runs/hdmi_out_v_tpg_0_0_synth_1/prj/sol/.autopilot/db/v_tpg.cpp:978->C:/Xil_prj/hdmi_out/hdmi_out.runs/hdmi_out_v_tpg_0_0_synth_1/prj/sol/.autopilot/db/v_tpg.cpp:399]   --->   Operation 29 'phi' 'empty' <Predicate = true> <Delay = 0.00>
ST_2 : Operation 30 [1/1] (0.00ns)   --->   "%sof = phi i1 1, void %entry, i1 %and_ln979, void %VITIS_LOOP_981_2.split.i" [C:/Xil_prj/hdmi_out/hdmi_out.runs/hdmi_out_v_tpg_0_0_synth_1/prj/sol/.autopilot/db/v_tpg.cpp:979->C:/Xil_prj/hdmi_out/hdmi_out.runs/hdmi_out_v_tpg_0_0_synth_1/prj/sol/.autopilot/db/v_tpg.cpp:399]   --->   Operation 30 'phi' 'sof' <Predicate = true> <Delay = 0.00>
ST_2 : Operation 31 [1/1] (0.00ns)   --->   "%i_1 = load i12 %i" [C:/Xil_prj/hdmi_out/hdmi_out.runs/hdmi_out_v_tpg_0_0_synth_1/prj/sol/.autopilot/db/v_tpg.cpp:979->C:/Xil_prj/hdmi_out/hdmi_out.runs/hdmi_out_v_tpg_0_0_synth_1/prj/sol/.autopilot/db/v_tpg.cpp:399]   --->   Operation 31 'load' 'i_1' <Predicate = true> <Delay = 0.00>
ST_2 : Operation 32 [1/1] (1.54ns)   --->   "%icmp_ln979_1 = icmp_eq  i12 %i_1, i12 %rows" [C:/Xil_prj/hdmi_out/hdmi_out.runs/hdmi_out_v_tpg_0_0_synth_1/prj/sol/.autopilot/db/v_tpg.cpp:979->C:/Xil_prj/hdmi_out/hdmi_out.runs/hdmi_out_v_tpg_0_0_synth_1/prj/sol/.autopilot/db/v_tpg.cpp:399]   --->   Operation 32 'icmp' 'icmp_ln979_1' <Predicate = true> <Delay = 1.54> <CoreInst = "Cmp">   --->   Core 9 'Cmp' <Latency = 0> <II = 1> <Delay = 1.54> <FuncUnit> <Opcode : 'icmp'> <InPorts = 2> <OutPorts = 1>
ST_2 : Operation 33 [1/1] (0.00ns)   --->   "%speclooptripcount_ln0 = speclooptripcount void @_ssdm_op_SpecLoopTripCount, i64 0, i64 2160, i64 0"   --->   Operation 33 'speclooptripcount' 'speclooptripcount_ln0' <Predicate = true> <Delay = 0.00>
ST_2 : Operation 34 [1/1] (1.54ns)   --->   "%i_2 = add i12 %i_1, i12 1" [C:/Xil_prj/hdmi_out/hdmi_out.runs/hdmi_out_v_tpg_0_0_synth_1/prj/sol/.autopilot/db/v_tpg.cpp:979->C:/Xil_prj/hdmi_out/hdmi_out.runs/hdmi_out_v_tpg_0_0_synth_1/prj/sol/.autopilot/db/v_tpg.cpp:399]   --->   Operation 34 'add' 'i_2' <Predicate = true> <Delay = 1.54> <CoreInst = "Adder">   --->   Core 1 'Adder' <Latency = 0> <II = 1> <Delay = 1.54> <FuncUnit> <Opcode : 'add' 'sub'> <InPorts = 2> <OutPorts = 1>
ST_2 : Operation 35 [1/1] (0.00ns)   --->   "%br_ln979 = br i1 %icmp_ln979_1, void %VITIS_LOOP_981_2.split.i, void %MultiPixStream2AXIvideo.exit" [C:/Xil_prj/hdmi_out/hdmi_out.runs/hdmi_out_v_tpg_0_0_synth_1/prj/sol/.autopilot/db/v_tpg.cpp:979->C:/Xil_prj/hdmi_out/hdmi_out.runs/hdmi_out_v_tpg_0_0_synth_1/prj/sol/.autopilot/db/v_tpg.cpp:399]   --->   Operation 35 'br' 'br_ln979' <Predicate = true> <Delay = 0.00>
ST_2 : Operation 36 [1/1] (0.00ns)   --->   "%empty_161 = wait i32 @_ssdm_op_Wait"   --->   Operation 36 'wait' 'empty_161' <Predicate = (!icmp_ln979_1)> <Delay = 0.00>
ST_2 : Operation 37 [2/2] (1.58ns)   --->   "%call_ln979 = call void @MultiPixStream2AXIvideo_Pipeline_VITIS_LOOP_981_2, i1 %sof, i1 %empty, i13 %cols, i1 %fid_in_val9_read, i1 %fid, i24 %ovrlayYUV, i8 %colorFormat_val17_read, i24 %m_axis_video_V_data_V, i3 %m_axis_video_V_keep_V, i3 %m_axis_video_V_strb_V, i1 %m_axis_video_V_user_V, i1 %m_axis_video_V_last_V, i1 %m_axis_video_V_id_V, i1 %m_axis_video_V_dest_V, i16 %field_id_val8_read, i13 %sub_i, i16 %counter_loc_0_i, i1 %p_phi_i_loc, i16 %counter" [C:/Xil_prj/hdmi_out/hdmi_out.runs/hdmi_out_v_tpg_0_0_synth_1/prj/sol/.autopilot/db/v_tpg.cpp:979->C:/Xil_prj/hdmi_out/hdmi_out.runs/hdmi_out_v_tpg_0_0_synth_1/prj/sol/.autopilot/db/v_tpg.cpp:399]   --->   Operation 37 'call' 'call_ln979' <Predicate = (!icmp_ln979_1)> <Delay = 1.58> <CoreType = "Generic">   --->   Core 0 '' <Latency = 0> <II = 1> <Delay = 1.00> <Generic> <Opcode : >
ST_2 : Operation 38 [1/1] (0.97ns)   --->   "%and_ln979 = and i1 %icmp_ln979, i1 %sof" [C:/Xil_prj/hdmi_out/hdmi_out.runs/hdmi_out_v_tpg_0_0_synth_1/prj/sol/.autopilot/db/v_tpg.cpp:979->C:/Xil_prj/hdmi_out/hdmi_out.runs/hdmi_out_v_tpg_0_0_synth_1/prj/sol/.autopilot/db/v_tpg.cpp:399]   --->   Operation 38 'and' 'and_ln979' <Predicate = (!icmp_ln979_1)> <Delay = 0.97> <CoreInst = "LogicGate">   --->   Core 74 'LogicGate' <Latency = 0> <II = 1> <Delay = 0.97> <FuncUnit> <Opcode : 'and' 'or' 'xor'> <InPorts = 2> <OutPorts = 1>
ST_2 : Operation 39 [1/1] (1.58ns)   --->   "%store_ln979 = store i12 %i_2, i12 %i" [C:/Xil_prj/hdmi_out/hdmi_out.runs/hdmi_out_v_tpg_0_0_synth_1/prj/sol/.autopilot/db/v_tpg.cpp:979->C:/Xil_prj/hdmi_out/hdmi_out.runs/hdmi_out_v_tpg_0_0_synth_1/prj/sol/.autopilot/db/v_tpg.cpp:399]   --->   Operation 39 'store' 'store_ln979' <Predicate = (!icmp_ln979_1)> <Delay = 1.58>
ST_2 : Operation 40 [1/1] (0.00ns)   --->   "%store_ln1062 = store i1 %empty, i1 %fidStored" [C:/Xil_prj/hdmi_out/hdmi_out.runs/hdmi_out_v_tpg_0_0_synth_1/prj/sol/.autopilot/db/v_tpg.cpp:1062->C:/Xil_prj/hdmi_out/hdmi_out.runs/hdmi_out_v_tpg_0_0_synth_1/prj/sol/.autopilot/db/v_tpg.cpp:399]   --->   Operation 40 'store' 'store_ln1062' <Predicate = (icmp_ln979_1)> <Delay = 0.00>
ST_2 : Operation 41 [1/1] (0.00ns)   --->   "%ret_ln399 = ret" [C:/Xil_prj/hdmi_out/hdmi_out.runs/hdmi_out_v_tpg_0_0_synth_1/prj/sol/.autopilot/db/v_tpg.cpp:399]   --->   Operation 41 'ret' 'ret_ln399' <Predicate = (icmp_ln979_1)> <Delay = 0.00>

State 3 <SV = 2> <Delay = 5.62>
ST_3 : Operation 42 [1/2] (5.62ns)   --->   "%call_ln979 = call void @MultiPixStream2AXIvideo_Pipeline_VITIS_LOOP_981_2, i1 %sof, i1 %empty, i13 %cols, i1 %fid_in_val9_read, i1 %fid, i24 %ovrlayYUV, i8 %colorFormat_val17_read, i24 %m_axis_video_V_data_V, i3 %m_axis_video_V_keep_V, i3 %m_axis_video_V_strb_V, i1 %m_axis_video_V_user_V, i1 %m_axis_video_V_last_V, i1 %m_axis_video_V_id_V, i1 %m_axis_video_V_dest_V, i16 %field_id_val8_read, i13 %sub_i, i16 %counter_loc_0_i, i1 %p_phi_i_loc, i16 %counter" [C:/Xil_prj/hdmi_out/hdmi_out.runs/hdmi_out_v_tpg_0_0_synth_1/prj/sol/.autopilot/db/v_tpg.cpp:979->C:/Xil_prj/hdmi_out/hdmi_out.runs/hdmi_out_v_tpg_0_0_synth_1/prj/sol/.autopilot/db/v_tpg.cpp:399]   --->   Operation 42 'call' 'call_ln979' <Predicate = true> <Delay = 5.62> <CoreType = "Generic">   --->   Core 0 '' <Latency = 0> <II = 1> <Delay = 1.00> <Generic> <Opcode : >

State 4 <SV = 3> <Delay = 0.00>
ST_4 : Operation 43 [1/1] (0.00ns)   --->   "%specloopname_ln979 = specloopname void @_ssdm_op_SpecLoopName, void @empty_29" [C:/Xil_prj/hdmi_out/hdmi_out.runs/hdmi_out_v_tpg_0_0_synth_1/prj/sol/.autopilot/db/v_tpg.cpp:979->C:/Xil_prj/hdmi_out/hdmi_out.runs/hdmi_out_v_tpg_0_0_synth_1/prj/sol/.autopilot/db/v_tpg.cpp:399]   --->   Operation 43 'specloopname' 'specloopname_ln979' <Predicate = true> <Delay = 0.00>
ST_4 : Operation 44 [1/1] (0.00ns)   --->   "%p_phi_i_loc_load = load i1 %p_phi_i_loc"   --->   Operation 44 'load' 'p_phi_i_loc_load' <Predicate = true> <Delay = 0.00>
ST_4 : Operation 45 [1/1] (0.00ns)   --->   "%br_ln979 = br void %VITIS_LOOP_981_2.i" [C:/Xil_prj/hdmi_out/hdmi_out.runs/hdmi_out_v_tpg_0_0_synth_1/prj/sol/.autopilot/db/v_tpg.cpp:979->C:/Xil_prj/hdmi_out/hdmi_out.runs/hdmi_out_v_tpg_0_0_synth_1/prj/sol/.autopilot/db/v_tpg.cpp:399]   --->   Operation 45 'br' 'br_ln979' <Predicate = true> <Delay = 0.00>


============================================================
+ Verbose Summary: Timing violations
============================================================
Target clock period: 9.259ns, clock uncertainty: 2.500ns.

 <State 1>: 5.059ns
The critical path consists of the following:
	fifo read operation ('cols') on port 'width_val7' [27]  (3.380 ns)
	'add' operation 13 bit ('sub_i') [35]  (1.679 ns)

 <State 2>: 3.135ns
The critical path consists of the following:
	'load' operation 12 bit ('i', C:/Xil_prj/hdmi_out/hdmi_out.runs/hdmi_out_v_tpg_0_0_synth_1/prj/sol/.autopilot/db/v_tpg.cpp:979->C:/Xil_prj/hdmi_out/hdmi_out.runs/hdmi_out_v_tpg_0_0_synth_1/prj/sol/.autopilot/db/v_tpg.cpp:399) on local variable 'i', C:/Xil_prj/hdmi_out/hdmi_out.runs/hdmi_out_v_tpg_0_0_synth_1/prj/sol/.autopilot/db/v_tpg.cpp:979->C:/Xil_prj/hdmi_out/hdmi_out.runs/hdmi_out_v_tpg_0_0_synth_1/prj/sol/.autopilot/db/v_tpg.cpp:399 [44]  (0.000 ns)
	'icmp' operation 1 bit ('icmp_ln979_1', C:/Xil_prj/hdmi_out/hdmi_out.runs/hdmi_out_v_tpg_0_0_synth_1/prj/sol/.autopilot/db/v_tpg.cpp:979->C:/Xil_prj/hdmi_out/hdmi_out.runs/hdmi_out_v_tpg_0_0_synth_1/prj/sol/.autopilot/db/v_tpg.cpp:399) [45]  (1.547 ns)
	'call' operation 0 bit ('call_ln979', C:/Xil_prj/hdmi_out/hdmi_out.runs/hdmi_out_v_tpg_0_0_synth_1/prj/sol/.autopilot/db/v_tpg.cpp:979->C:/Xil_prj/hdmi_out/hdmi_out.runs/hdmi_out_v_tpg_0_0_synth_1/prj/sol/.autopilot/db/v_tpg.cpp:399) to 'MultiPixStream2AXIvideo_Pipeline_VITIS_LOOP_981_2' [52]  (1.588 ns)

 <State 3>: 5.628ns
The critical path consists of the following:
	'call' operation 0 bit ('call_ln979', C:/Xil_prj/hdmi_out/hdmi_out.runs/hdmi_out_v_tpg_0_0_synth_1/prj/sol/.autopilot/db/v_tpg.cpp:979->C:/Xil_prj/hdmi_out/hdmi_out.runs/hdmi_out_v_tpg_0_0_synth_1/prj/sol/.autopilot/db/v_tpg.cpp:399) to 'MultiPixStream2AXIvideo_Pipeline_VITIS_LOOP_981_2' [52]  (5.628 ns)

 <State 4>: 0.000ns
The critical path consists of the following:


============================================================
+ Verbose Summary: Binding
============================================================
N/A
* FSMD analyzer results:
  - Output states:
 - Input state : 
  - Chain level:
	State 1
	State 2
	State 3
	State 4


============================================================
+ Verbose Summary: Datapath Resource usage 
============================================================
N/A
