

================================================================
== Vitis HLS Report for 'tpgBackground_Pipeline_VITIS_LOOP_565_2'
================================================================
* Date:           Fri Nov 24 14:58:05 2023

* Version:        2023.2 (Build 4023990 on Oct 11 2023)
* Project:        prj
* Solution:       sol (Vivado IP Flow Target)
* Product family: zynq
* Target device:  xc7z010-clg400-1


================================================================
== Performance Estimates
================================================================
+ Timing: 
    * Summary: 
    +--------+---------+----------+------------+
    |  Clock |  Target | Estimated| Uncertainty|
    +--------+---------+----------+------------+
    |ap_clk  |  9.26 ns|  7.728 ns|     2.50 ns|
    +--------+---------+----------+------------+

+ Latency: 
    * Summary: 
    +---------+---------+-----------+----------+-----+-------+---------+
    |  Latency (cycles) |  Latency (absolute)  |   Interval  | Pipeline|
    |   min   |   max   |    min    |    max   | min |  max  |   Type  |
    +---------+---------+-----------+----------+-----+-------+---------+
    |        2|    65558|  18.518 ns|  0.607 ms|    2|  65558|       no|
    +---------+---------+-----------+----------+-----+-------+---------+

    + Detail: 
        * Instance: 
        +------------------------------+------------------+---------+---------+----------+----------+-----+-----+---------+
        |                              |                  |  Latency (cycles) |  Latency (absolute) |  Interval | Pipeline|
        |           Instance           |      Module      |   min   |   max   |    min   |    max   | min | max |   Type  |
        +------------------------------+------------------+---------+---------+----------+----------+-----+-----+---------+
        |grp_reg_ap_uint_10_s_fu_1715  |reg_ap_uint_10_s  |        1|        1|  9.259 ns|  9.259 ns|    1|    1|      yes|
        |grp_reg_int_s_fu_2168         |reg_int_s         |        1|        1|  9.259 ns|  9.259 ns|    1|    1|      yes|
        +------------------------------+------------------+---------+---------+----------+----------+-----+-----+---------+

        * Loop: 
        +--------------------+---------+---------+----------+-----------+-----------+-----------+----------+
        |                    |  Latency (cycles) | Iteration|  Initiation Interval  |    Trip   |          |
        |      Loop Name     |   min   |   max   |  Latency |  achieved |   target  |   Count   | Pipelined|
        +--------------------+---------+---------+----------+-----------+-----------+-----------+----------+
        |- VITIS_LOOP_565_2  |        0|    65556|        23|          1|          1|  0 ~ 65535|       yes|
        +--------------------+---------+---------+----------+-----------+-----------+-----------+----------+



================================================================
== Utilization Estimates
================================================================
* Summary: 
+-----------------+---------+----+-------+-------+-----+
|       Name      | BRAM_18K| DSP|   FF  |  LUT  | URAM|
+-----------------+---------+----+-------+-------+-----+
|DSP              |        -|   9|      -|      -|    -|
|Expression       |        -|   -|      0|   1774|    -|
|FIFO             |        -|   -|      -|      -|    -|
|Instance         |        -|   4|   1074|    859|    -|
|Memory           |       13|   -|    166|     30|    -|
|Multiplexer      |        -|   -|      -|   1123|    -|
|Register         |        -|   -|   2787|    864|    -|
+-----------------+---------+----+-------+-------+-----+
|Total            |       13|  13|   4027|   4650|    0|
+-----------------+---------+----+-------+-------+-----+
|Available        |      120|  80|  35200|  17600|    0|
+-----------------+---------+----+-------+-------+-----+
|Utilization (%)  |       10|  16|     11|     26|    0|
+-----------------+---------+----+-------+-------+-----+

+ Detail: 
    * Instance: 
    +------------------------------+----------------------+---------+----+-----+-----+-----+
    |           Instance           |        Module        | BRAM_18K| DSP|  FF | LUT | URAM|
    +------------------------------+----------------------+---------+----+-----+-----+-----+
    |mul_11ns_13ns_23_1_1_U27      |mul_11ns_13ns_23_1_1  |        0|   1|    0|    6|    0|
    |mul_11ns_13ns_23_1_1_U28      |mul_11ns_13ns_23_1_1  |        0|   1|    0|    6|    0|
    |mul_11ns_13ns_23_1_1_U29      |mul_11ns_13ns_23_1_1  |        0|   1|    0|    6|    0|
    |mul_20s_9ns_28_1_1_U33        |mul_20s_9ns_28_1_1    |        0|   1|    0|   12|    0|
    |grp_reg_ap_uint_10_s_fu_1715  |reg_ap_uint_10_s      |        0|   0|   21|   14|    0|
    |grp_reg_int_s_fu_2168         |reg_int_s             |        0|   0|   33|   14|    0|
    |sparsemux_11_3_9_1_1_U30      |sparsemux_11_3_9_1_1  |        0|   0|    0|   25|    0|
    |sparsemux_11_3_9_1_1_U31      |sparsemux_11_3_9_1_1  |        0|   0|    0|   25|    0|
    |sparsemux_11_3_9_1_1_U32      |sparsemux_11_3_9_1_1  |        0|   0|    0|   25|    0|
    |urem_11ns_4ns_3_15_1_U24      |urem_11ns_4ns_3_15_1  |        0|   0|  340|  242|    0|
    |urem_11ns_4ns_3_15_1_U25      |urem_11ns_4ns_3_15_1  |        0|   0|  340|  242|    0|
    |urem_11ns_4ns_3_15_1_U26      |urem_11ns_4ns_3_15_1  |        0|   0|  340|  242|    0|
    +------------------------------+----------------------+---------+----+-----+-----+-----+
    |Total                         |                      |        0|   4| 1074|  859|    0|
    +------------------------------+----------------------+---------+----+-----+-----+-----+

    * DSP: 
    +------------------------------------+--------------------------------+----------------+
    |              Instance              |             Module             |   Expression   |
    +------------------------------------+--------------------------------+----------------+
    |am_addmul_16ns_1s_16ns_17_4_1_U34   |am_addmul_16ns_1s_16ns_17_4_1   |  (i0 + i1) * i0|
    |mac_muladd_16s_16s_16ns_16_4_1_U35  |mac_muladd_16s_16s_16ns_16_4_1  |    i0 + i1 * i2|
    |mac_muladd_8ns_5ns_16ns_17_4_1_U42  |mac_muladd_8ns_5ns_16ns_17_4_1  |    i0 + i1 * i2|
    |mac_muladd_8ns_6s_15ns_16_4_1_U39   |mac_muladd_8ns_6s_15ns_16_4_1   |    i0 + i1 * i2|
    |mac_muladd_8ns_7ns_13ns_15_4_1_U36  |mac_muladd_8ns_7ns_13ns_15_4_1  |    i0 * i1 + i2|
    |mac_muladd_8ns_7s_16s_16_4_1_U37    |mac_muladd_8ns_7s_16s_16_4_1    |    i0 * i1 + i2|
    |mac_muladd_8ns_8ns_15ns_16_4_1_U40  |mac_muladd_8ns_8ns_15ns_16_4_1  |    i0 * i1 + i2|
    |mac_muladd_8ns_8s_16s_16_4_1_U38    |mac_muladd_8ns_8s_16s_16_4_1    |    i0 * i1 + i2|
    |mac_muladd_8ns_8s_16s_16_4_1_U41    |mac_muladd_8ns_8s_16s_16_4_1    |    i0 + i1 * i2|
    +------------------------------------+--------------------------------+----------------+

    * Memory: 
    +---------------------------+-----------------------------------------------------------------------------+---------+---+----+-----+------+-----+------+-------------+
    |           Memory          |                                    Module                                   | BRAM_18K| FF| LUT| URAM| Words| Bits| Banks| W*Bits*Banks|
    +---------------------------+-----------------------------------------------------------------------------+---------+---+----+-----+------+-----+------+-------------+
    |DPtpgBarArray_U            |tpgBackground_Pipeline_VITIS_LOOP_565_2_DPtpgBarArray_ROM_AUTO_1R            |        0|  3|   1|    0|    16|    3|     1|           48|
    |DPtpgBarSelRgb_CEA_b_U     |tpgBackground_Pipeline_VITIS_LOOP_565_2_DPtpgBarSelRgb_CEA_b_ROM_AUTO_1R     |        0|  6|   1|    0|     8|    6|     1|           48|
    |DPtpgBarSelRgb_CEA_g_U     |tpgBackground_Pipeline_VITIS_LOOP_565_2_DPtpgBarSelRgb_CEA_g_ROM_AUTO_1R     |        0|  6|   1|    0|     8|    6|     1|           48|
    |DPtpgBarSelRgb_CEA_r_U     |tpgBackground_Pipeline_VITIS_LOOP_565_2_DPtpgBarSelRgb_CEA_r_ROM_AUTO_1R     |        0|  6|   1|    0|     8|    6|     1|           48|
    |DPtpgBarSelYuv_601_u_U     |tpgBackground_Pipeline_VITIS_LOOP_565_2_DPtpgBarSelYuv_601_u_ROM_AUTO_1R     |        0|  8|   1|    0|     8|    8|     1|           64|
    |DPtpgBarSelYuv_601_v_U     |tpgBackground_Pipeline_VITIS_LOOP_565_2_DPtpgBarSelYuv_601_v_ROM_AUTO_1R     |        0|  8|   1|    0|     8|    8|     1|           64|
    |DPtpgBarSelYuv_601_y_U     |tpgBackground_Pipeline_VITIS_LOOP_565_2_DPtpgBarSelYuv_601_y_ROM_AUTO_1R     |        0|  8|   1|    0|     8|    8|     1|           64|
    |DPtpgBarSelYuv_709_u_U     |tpgBackground_Pipeline_VITIS_LOOP_565_2_DPtpgBarSelYuv_709_u_ROM_AUTO_1R     |        0|  8|   1|    0|     8|    8|     1|           64|
    |DPtpgBarSelYuv_709_v_U     |tpgBackground_Pipeline_VITIS_LOOP_565_2_DPtpgBarSelYuv_709_v_ROM_AUTO_1R     |        0|  8|   1|    0|     8|    8|     1|           64|
    |DPtpgBarSelYuv_709_y_U     |tpgBackground_Pipeline_VITIS_LOOP_565_2_DPtpgBarSelYuv_709_y_ROM_AUTO_1R     |        0|  8|   1|    0|     8|    8|     1|           64|
    |blkYuv_U                   |tpgBackground_Pipeline_VITIS_LOOP_565_2_blkYuv_ROM_AUTO_1R                   |        0|  8|   1|    0|     3|    8|     1|           24|
    |blkYuv_1_U                 |tpgBackground_Pipeline_VITIS_LOOP_565_2_blkYuv_ROM_AUTO_1R                   |        0|  8|   1|    0|     3|    8|     1|           24|
    |bluYuv_U                   |tpgBackground_Pipeline_VITIS_LOOP_565_2_bluYuv_ROM_AUTO_1R                   |        0|  8|   1|    0|     3|    8|     1|           24|
    |grnYuv_U                   |tpgBackground_Pipeline_VITIS_LOOP_565_2_grnYuv_ROM_AUTO_1R                   |        0|  8|   1|    0|     3|    8|     1|           24|
    |redYuv_U                   |tpgBackground_Pipeline_VITIS_LOOP_565_2_redYuv_ROM_AUTO_1R                   |        0|  8|   1|    0|     3|    8|     1|           24|
    |tpgBarSelRgb_b_U           |tpgBackground_Pipeline_VITIS_LOOP_565_2_tpgBarSelRgb_b_ROM_AUTO_1R           |        0|  2|   1|    0|     8|    2|     1|           16|
    |DPtpgBarSelRgb_VESA_b_U    |tpgBackground_Pipeline_VITIS_LOOP_565_2_tpgBarSelRgb_b_ROM_AUTO_1R           |        0|  2|   1|    0|     8|    2|     1|           16|
    |tpgBarSelRgb_g_U           |tpgBackground_Pipeline_VITIS_LOOP_565_2_tpgBarSelRgb_g_ROM_AUTO_1R           |        0|  2|   1|    0|     8|    2|     1|           16|
    |DPtpgBarSelRgb_VESA_g_U    |tpgBackground_Pipeline_VITIS_LOOP_565_2_tpgBarSelRgb_g_ROM_AUTO_1R           |        0|  2|   1|    0|     8|    2|     1|           16|
    |tpgBarSelRgb_r_U           |tpgBackground_Pipeline_VITIS_LOOP_565_2_tpgBarSelRgb_r_ROM_AUTO_1R           |        0|  2|   1|    0|     8|    2|     1|           16|
    |DPtpgBarSelRgb_VESA_r_U    |tpgBackground_Pipeline_VITIS_LOOP_565_2_tpgBarSelRgb_r_ROM_AUTO_1R           |        0|  2|   1|    0|     8|    2|     1|           16|
    |tpgBarSelYuv_u_U           |tpgBackground_Pipeline_VITIS_LOOP_565_2_tpgBarSelYuv_u_ROM_AUTO_1R           |        0|  8|   1|    0|     8|    8|     1|           64|
    |tpgBarSelYuv_v_U           |tpgBackground_Pipeline_VITIS_LOOP_565_2_tpgBarSelYuv_v_ROM_AUTO_1R           |        0|  8|   1|    0|     8|    8|     1|           64|
    |tpgBarSelYuv_y_U           |tpgBackground_Pipeline_VITIS_LOOP_565_2_tpgBarSelYuv_y_ROM_AUTO_1R           |        0|  8|   1|    0|     8|    8|     1|           64|
    |tpgCheckerBoardArray_U     |tpgBackground_Pipeline_VITIS_LOOP_565_2_tpgCheckerBoardArray_ROM_AUTO_1R     |        0|  2|   1|    0|    32|    2|     1|           64|
    |tpgSinTableArray_9bit_0_U  |tpgBackground_Pipeline_VITIS_LOOP_565_2_tpgSinTableArray_9bit_0_ROM_AUTO_1R  |        2|  0|   0|    0|   410|    8|     1|         3280|
    |tpgSinTableArray_9bit_1_U  |tpgBackground_Pipeline_VITIS_LOOP_565_2_tpgSinTableArray_9bit_1_ROM_AUTO_1R  |        2|  0|   0|    0|   410|    8|     1|         3280|
    |tpgSinTableArray_9bit_2_U  |tpgBackground_Pipeline_VITIS_LOOP_565_2_tpgSinTableArray_9bit_2_ROM_AUTO_1R  |        2|  0|   0|    0|   410|    9|     1|         3690|
    |tpgSinTableArray_9bit_3_U  |tpgBackground_Pipeline_VITIS_LOOP_565_2_tpgSinTableArray_9bit_3_ROM_AUTO_1R  |        2|  0|   0|    0|   410|    8|     1|         3280|
    |tpgSinTableArray_9bit_4_U  |tpgBackground_Pipeline_VITIS_LOOP_565_2_tpgSinTableArray_9bit_4_ROM_AUTO_1R  |        2|  0|   0|    0|   410|    8|     1|         3280|
    |tpgSinTableArray_U         |tpgBackground_Pipeline_VITIS_LOOP_565_2_tpgSinTableArray_ROM_AUTO_1R         |        3|  0|   0|    0|  2048|   20|     1|        40960|
    |tpgTartanBarArray_U        |tpgBackground_Pipeline_VITIS_LOOP_565_2_tpgTartanBarArray_ROM_AUTO_1R        |        0|  3|   3|    0|    64|    3|     1|          192|
    |whiYuv_U                   |tpgBackground_Pipeline_VITIS_LOOP_565_2_whiYuv_ROM_AUTO_1R                   |        0|  8|   1|    0|     3|    8|     1|           24|
    |whiYuv_1_U                 |tpgBackground_Pipeline_VITIS_LOOP_565_2_whiYuv_ROM_AUTO_1R                   |        0|  8|   1|    0|     3|    8|     1|           24|
    +---------------------------+-----------------------------------------------------------------------------+---------+---+----+-----+------+-----+------+-------------+
    |Total                      |                                                                             |       13|166|  30|    0|  4375|  227|    34|        59058|
    +---------------------------+-----------------------------------------------------------------------------+---------+---+----+-----+------+-----+------+-------------+

    * FIFO: 
    N/A

    * Expression: 
    +----------------------------------+----------+----+---+----+------------+------------+
    |           Variable Name          | Operation| DSP| FF| LUT| Bitwidth P0| Bitwidth P1|
    +----------------------------------+----------+----+---+----+------------+------------+
    |add_ln1084_fu_4520_p2             |         +|   0|  0|  15|           8|           1|
    |add_ln1101_fu_3525_p2             |         +|   0|  0|  15|           8|           1|
    |add_ln1250_fu_2117_p2             |         +|   0|  0|  12|          12|           1|
    |add_ln1257_fu_3064_p2             |         +|   0|  0|  11|           3|           1|
    |add_ln1281_fu_2495_p2             |         +|   0|  0|  14|           9|           8|
    |add_ln1285_fu_2520_p2             |         +|   0|  0|  14|           9|           8|
    |add_ln1289_fu_2545_p2             |         +|   0|  0|  14|           9|           8|
    |add_ln1303_2_fu_3145_p2           |         +|   0|  0|  24|          17|          17|
    |add_ln1304_2_fu_2983_p2           |         +|   0|  0|  24|          17|          17|
    |add_ln1304_3_fu_2979_p2           |         +|   0|  0|  23|          16|          16|
    |add_ln1341_fu_2187_p2             |         +|   0|  0|  23|          16|          16|
    |add_ln1343_fu_2199_p2             |         +|   0|  0|  23|          16|          16|
    |add_ln1359_fu_3447_p2             |         +|   0|  0|  15|           8|           8|
    |add_ln1388_fu_2065_p2             |         +|   0|  0|  13|          10|           1|
    |add_ln1393_fu_2832_p2             |         +|   0|  0|  11|           3|           1|
    |add_ln1407_fu_2097_p2             |         +|   0|  0|  13|          10|           1|
    |add_ln1412_fu_2860_p2             |         +|   0|  0|  11|           3|           1|
    |add_ln1449_fu_1727_p2             |         +|   0|  0|  24|          17|           2|
    |add_ln1461_fu_1959_p2             |         +|   0|  0|  13|          10|           1|
    |add_ln1480_fu_2029_p2             |         +|   0|  0|  13|          10|           1|
    |add_ln1533_fu_3311_p2             |         +|   0|  0|  15|           8|           8|
    |add_ln1545_fu_4054_p2             |         +|   0|  0|  15|           8|           1|
    |add_ln1570_fu_1897_p2             |         +|   0|  0|  13|          10|           1|
    |add_ln1575_fu_2766_p2             |         +|   0|  0|  15|           8|           1|
    |add_ln1588_fu_1929_p2             |         +|   0|  0|  13|          10|           1|
    |add_ln1593_fu_2790_p2             |         +|   0|  0|  11|           3|           1|
    |add_ln1664_fu_3752_p2             |         +|   0|  0|  23|          16|           1|
    |add_ln1753_fu_1861_p2             |         +|   0|  0|  14|           6|           1|
    |add_ln1770_fu_2740_p2             |         +|   0|  0|  14|           6|           1|
    |add_ln1774_fu_2706_p2             |         +|   0|  0|  13|          10|           7|
    |add_ln1775_fu_2718_p2             |         +|   0|  0|  11|           3|           1|
    |add_ln549_1_fu_1631_p2            |         +|   0|  0|  12|          11|          10|
    |add_ln549_fu_1625_p2              |         +|   0|  0|  12|          11|          11|
    |add_ln565_fu_1597_p2              |         +|   0|  0|  23|          16|           1|
    |add_ln573_fu_2238_p2              |         +|   0|  0|  23|          16|          16|
    |grp_fu_4609_p2                    |         +|   0|  0|  23|          16|          16|
    |sub35_i_fu_1751_p2                |         +|   0|  0|  24|          17|           2|
    |sub_ln1256_fu_2132_p2             |         -|   0|  0|  12|          11|          11|
    |sub_ln1356_1_fu_3424_p2           |         -|   0|  0|  15|           1|           8|
    |sub_ln1356_fu_3409_p2             |         -|   0|  0|  34|           1|          27|
    |sub_ln1411_fu_2086_p2             |         -|   0|  0|  13|          10|          10|
    |sub_ln1490_fu_2011_p2             |         -|   0|  0|  13|          10|          10|
    |sub_ln1592_fu_1918_p2             |         -|   0|  0|  13|          10|          10|
    |and_ln1337_fu_1811_p2             |       and|   0|  0|   2|           1|           1|
    |and_ln1386_fu_2054_p2             |       and|   0|  0|   2|           1|           1|
    |and_ln1449_fu_1739_p2             |       and|   0|  0|   2|           1|           1|
    |and_ln1454_fu_1954_p2             |       and|   0|  0|   2|           1|           1|
    |and_ln1568_fu_1886_p2             |       and|   0|  0|   2|           1|           1|
    |and_ln1661_fu_3740_p2             |       and|   0|  0|   2|           1|           1|
    |and_ln1751_fu_1850_p2             |       and|   0|  0|   2|           1|           1|
    |and_ln1801_fu_3233_p2             |       and|   0|  0|   2|           1|           1|
    |and_ln1862_fu_3931_p2             |       and|   0|  0|   2|           1|           1|
    |and_ln565_1_fu_3382_p2            |       and|   0|  0|   2|           1|           1|
    |and_ln565_2_fu_3291_p2            |       and|   0|  0|   2|           1|           1|
    |and_ln565_fu_3480_p2              |       and|   0|  0|   2|           1|           1|
    |ap_condition_1985                 |       and|   0|  0|   2|           1|           1|
    |ap_condition_2010                 |       and|   0|  0|   2|           1|           1|
    |ap_condition_2505                 |       and|   0|  0|   2|           1|           1|
    |ap_condition_4680                 |       and|   0|  0|   2|           1|           1|
    |ap_condition_4682                 |       and|   0|  0|   2|           1|           1|
    |ap_condition_4684                 |       and|   0|  0|   2|           1|           1|
    |ap_condition_4686                 |       and|   0|  0|   2|           1|           1|
    |ap_condition_4688                 |       and|   0|  0|   2|           1|           1|
    |ap_condition_4826                 |       and|   0|  0|   2|           1|           1|
    |ap_condition_4843                 |       and|   0|  0|   2|           1|           1|
    |ap_condition_frp_pvb_pf_start     |       and|   0|  0|   2|           1|           1|
    |ap_predicate_op114_call_state1    |       and|   0|  0|   2|           1|           1|
    |ap_predicate_op259_call_state4    |       and|   0|  0|   2|           1|           1|
    |ap_predicate_pred2206_state20     |       and|   0|  0|   2|           1|           1|
    |ap_predicate_pred2217_state20     |       and|   0|  0|   2|           1|           1|
    |ap_predicate_pred2228_state20     |       and|   0|  0|   2|           1|           1|
    |ap_predicate_pred2250_state22     |       and|   0|  0|   2|           1|           1|
    |ap_predicate_pred2255_state22     |       and|   0|  0|   2|           1|           1|
    |ap_predicate_pred2260_state22     |       and|   0|  0|   2|           1|           1|
    |ap_predicate_pred2265_state22     |       and|   0|  0|   2|           1|           1|
    |ap_predicate_pred2270_state22     |       and|   0|  0|   2|           1|           1|
    |ap_predicate_pred2297_state21     |       and|   0|  0|   2|           1|           1|
    |ap_predicate_pred2303_state21     |       and|   0|  0|   2|           1|           1|
    |ap_predicate_pred2324_state19     |       and|   0|  0|   2|           1|           1|
    |ap_predicate_pred2330_state19     |       and|   0|  0|   2|           1|           1|
    |ap_predicate_pred2348_state6      |       and|   0|  0|   2|           1|           1|
    |ap_predicate_pred2354_state6      |       and|   0|  0|   2|           1|           1|
    |ap_predicate_pred2371_state18     |       and|   0|  0|   2|           1|           1|
    |ap_predicate_pred2375_state18     |       and|   0|  0|   2|           1|           1|
    |ap_predicate_pred2381_state18     |       and|   0|  0|   2|           1|           1|
    |ap_predicate_pred2398_state18     |       and|   0|  0|   2|           1|           1|
    |ap_predicate_pred2424_state18     |       and|   0|  0|   2|           1|           1|
    |ap_predicate_pred2428_state18     |       and|   0|  0|   2|           1|           1|
    |ap_predicate_pred2434_state18     |       and|   0|  0|   2|           1|           1|
    |ap_predicate_pred2448_state18     |       and|   0|  0|   2|           1|           1|
    |ap_predicate_pred2483_state18     |       and|   0|  0|   2|           1|           1|
    |ap_predicate_pred2489_state18     |       and|   0|  0|   2|           1|           1|
    |ap_predicate_pred2501_state18     |       and|   0|  0|   2|           1|           1|
    |ap_predicate_pred2508_state18     |       and|   0|  0|   2|           1|           1|
    |ap_predicate_pred2533_state22     |       and|   0|  0|   2|           1|           1|
    |ap_predicate_pred2539_state22     |       and|   0|  0|   2|           1|           1|
    |ap_predicate_pred2546_state22     |       and|   0|  0|   2|           1|           1|
    |ap_predicate_pred2553_state22     |       and|   0|  0|   2|           1|           1|
    |ap_predicate_pred2585_state22     |       and|   0|  0|   2|           1|           1|
    |ap_predicate_pred2604_state22     |       and|   0|  0|   2|           1|           1|
    |ap_predicate_pred2613_state22     |       and|   0|  0|   2|           1|           1|
    |ap_predicate_pred2619_state22     |       and|   0|  0|   2|           1|           1|
    |ap_predicate_pred2627_state22     |       and|   0|  0|   2|           1|           1|
    |ap_predicate_pred2633_state22     |       and|   0|  0|   2|           1|           1|
    |ap_predicate_pred2667_state22     |       and|   0|  0|   2|           1|           1|
    |ap_predicate_pred2680_state22     |       and|   0|  0|   2|           1|           1|
    |ap_predicate_pred2693_state22     |       and|   0|  0|   2|           1|           1|
    |ap_predicate_pred2705_state22     |       and|   0|  0|   2|           1|           1|
    |ap_predicate_pred2717_state22     |       and|   0|  0|   2|           1|           1|
    |ap_predicate_pred2831_state5      |       and|   0|  0|   2|           1|           1|
    |ap_predicate_pred2841_state17     |       and|   0|  0|   2|           1|           1|
    |ap_predicate_pred2885_state17     |       and|   0|  0|   2|           1|           1|
    |ap_predicate_pred2946_state17     |       and|   0|  0|   2|           1|           1|
    |ap_predicate_pred2988_state17     |       and|   0|  0|   2|           1|           1|
    |ap_predicate_pred3004_state17     |       and|   0|  0|   2|           1|           1|
    |ap_predicate_pred3042_state17     |       and|   0|  0|   2|           1|           1|
    |ap_predicate_pred570_state20      |       and|   0|  0|   2|           1|           1|
    |ap_predicate_pred575_state20      |       and|   0|  0|   2|           1|           1|
    |ap_predicate_pred584_state20      |       and|   0|  0|   2|           1|           1|
    |ap_predicate_pred593_state20      |       and|   0|  0|   2|           1|           1|
    |ap_predicate_pred602_state20      |       and|   0|  0|   2|           1|           1|
    |ap_predicate_pred611_state20      |       and|   0|  0|   2|           1|           1|
    |ap_predicate_pred620_state20      |       and|   0|  0|   2|           1|           1|
    |ap_predicate_pred648_state20      |       and|   0|  0|   2|           1|           1|
    |ap_predicate_pred652_state20      |       and|   0|  0|   2|           1|           1|
    |ap_predicate_pred657_state20      |       and|   0|  0|   2|           1|           1|
    |pf_all_done                       |       and|   0|  0|   2|           1|           0|
    |cmp121_i_fu_1661_p2               |      icmp|   0|  0|  15|           8|           1|
    |cmp136_i_fu_3228_p2               |      icmp|   0|  0|  15|           8|           1|
    |cmp54_i_fu_1655_p2                |      icmp|   0|  0|  15|           8|           1|
    |grp_fu_1494_p2                    |      icmp|   0|  0|  15|           8|           1|
    |grp_fu_1499_p2                    |      icmp|   0|  0|  15|           8|           1|
    |icmp_ln1072_fu_1619_p2            |      icmp|   0|  0|  23|          16|           1|
    |icmp_ln1095_fu_1829_p2            |      icmp|   0|  0|  23|          16|           1|
    |icmp_ln1250_fu_2123_p2            |      icmp|   0|  0|  12|          12|          12|
    |icmp_ln1330_fu_1805_p2            |      icmp|   0|  0|  23|          16|           1|
    |icmp_ln1381_fu_1781_p2            |      icmp|   0|  0|  23|          16|           1|
    |icmp_ln1386_fu_2049_p2            |      icmp|   0|  0|  12|          11|          11|
    |icmp_ln1405_fu_2081_p2            |      icmp|   0|  0|  13|          10|          10|
    |icmp_ln1449_1_fu_1733_p2          |      icmp|   0|  0|  24|          17|          17|
    |icmp_ln1449_fu_1721_p2            |      icmp|   0|  0|  23|          16|           1|
    |icmp_ln1454_fu_1949_p2            |      icmp|   0|  0|  12|          11|          11|
    |icmp_ln1473_fu_1757_p2            |      icmp|   0|  0|  24|          17|          17|
    |icmp_ln1478_fu_1999_p2            |      icmp|   0|  0|  13|          10|          10|
    |icmp_ln1483_fu_2005_p2            |      icmp|   0|  0|  13|          10|          10|
    |icmp_ln1563_fu_1679_p2            |      icmp|   0|  0|  23|          16|           1|
    |icmp_ln1568_fu_1881_p2            |      icmp|   0|  0|  12|          11|          11|
    |icmp_ln1586_fu_1913_p2            |      icmp|   0|  0|  13|          10|          10|
    |icmp_ln1629_fu_1667_p2            |      icmp|   0|  0|  15|           8|           1|
    |icmp_ln1637_1_fu_3697_p2          |      icmp|   0|  0|  11|           2|           3|
    |icmp_ln1637_2_fu_3259_p2          |      icmp|   0|  0|  10|           2|           1|
    |icmp_ln1637_fu_3254_p2            |      icmp|   0|  0|  10|           2|           1|
    |icmp_ln1746_fu_1643_p2            |      icmp|   0|  0|  23|          16|           1|
    |icmp_ln1751_fu_1844_p2            |      icmp|   0|  0|  14|           6|           2|
    |icmp_ln1768_fu_2700_p2            |      icmp|   0|  0|  13|          10|           6|
    |icmp_ln565_fu_1591_p2             |      icmp|   0|  0|  23|          16|          16|
    |ap_condition_2917                 |        or|   0|  0|   2|           1|           1|
    |ap_condition_2922                 |        or|   0|  0|   2|           1|           1|
    |ap_condition_2938                 |        or|   0|  0|   2|           1|           1|
    |ap_condition_2943                 |        or|   0|  0|   2|           1|           1|
    |ap_predicate_pred2595_state22     |        or|   0|  0|   2|           1|           1|
    |or_ln1095_fu_1823_p2              |        or|   0|  0|  16|          16|          16|
    |or_ln1330_fu_1799_p2              |        or|   0|  0|  16|          16|          16|
    |or_ln1381_fu_1775_p2              |        or|   0|  0|  16|          16|          16|
    |or_ln1415_fu_3045_p2              |        or|   0|  0|   6|           6|           6|
    |or_ln1494_fu_2153_p2              |        or|   0|  0|   2|           1|           1|
    |or_ln1563_fu_1673_p2              |        or|   0|  0|  16|          16|          16|
    |or_ln1637_1_fu_3715_p2            |        or|   0|  0|   2|           1|           1|
    |or_ln1637_2_fu_3728_p2            |        or|   0|  0|   2|           1|           1|
    |or_ln1637_fu_3702_p2              |        or|   0|  0|   2|           1|           1|
    |or_ln1746_fu_1637_p2              |        or|   0|  0|  16|          16|          16|
    |or_ln1778_fu_2924_p2              |        or|   0|  0|   4|           4|           4|
    |or_ln565_1_fu_3388_p2             |        or|   0|  0|   2|           1|           1|
    |or_ln565_2_fu_3297_p2             |        or|   0|  0|   2|           1|           1|
    |or_ln565_fu_3486_p2               |        or|   0|  0|   2|           1|           1|
    |tBarSel_fu_2959_p2                |        or|   0|  0|   5|           5|           5|
    |b_1_fu_3007_p3                    |    select|   0|  0|   8|           1|           2|
    |b_2_fu_3015_p3                    |    select|   0|  0|   8|           1|           8|
    |b_fu_2562_p3                      |    select|   0|  0|   8|           1|           2|
    |conv2_i_i_i_cast_cast_fu_1551_p3  |    select|   0|  0|   2|           1|           2|
    |g_1_fu_3169_p3                    |    select|   0|  0|   8|           1|           2|
    |g_2_fu_3177_p3                    |    select|   0|  0|   8|           1|           8|
    |g_fu_2537_p3                      |    select|   0|  0|   8|           1|           2|
    |grp_fu_1487_p3                    |    select|   0|  0|   3|           1|           3|
    |phi_ln1260_fu_3457_p3             |    select|   0|  0|   8|           1|           8|
    |phi_ln1418_fu_3359_p3             |    select|   0|  0|   8|           1|           8|
    |phi_ln1599_fu_3268_p3             |    select|   0|  0|   8|           1|           8|
    |pix_13_fu_3246_p3                 |    select|   0|  0|   8|           1|           8|
    |pix_16_fu_3238_p3                 |    select|   0|  0|   8|           1|           8|
    |r_1_fu_3331_p3                    |    select|   0|  0|   8|           1|           2|
    |r_2_fu_3339_p3                    |    select|   0|  0|   8|           1|           8|
    |r_fu_2512_p3                      |    select|   0|  0|   8|           1|           2|
    |select_ln1072_fu_4507_p3          |    select|   0|  0|   8|           1|           8|
    |select_ln1079_fu_4513_p3          |    select|   0|  0|   9|           1|           8|
    |select_ln1107_fu_4482_p3          |    select|   0|  0|   9|           1|           8|
    |select_ln1122_fu_4451_p3          |    select|   0|  0|   9|           1|           8|
    |select_ln1262_fu_3468_p3          |    select|   0|  0|   8|           1|           8|
    |select_ln1356_fu_3439_p3          |    select|   0|  0|   8|           1|           8|
    |select_ln1361_fu_4238_p3          |    select|   0|  0|   9|           1|           8|
    |select_ln1422_fu_3370_p3          |    select|   0|  0|   8|           1|           8|
    |select_ln1532_fu_4041_p3          |    select|   0|  0|   8|           1|           8|
    |select_ln1540_fu_4047_p3          |    select|   0|  0|   9|           1|           8|
    |select_ln1603_fu_3279_p3          |    select|   0|  0|   8|           1|           8|
    |select_ln1629_fu_3686_p3          |    select|   0|  0|  16|           1|           1|
    |select_ln1660_fu_3744_p3          |    select|   0|  0|   8|           1|           8|
    |select_ln1862_fu_3971_p3          |    select|   0|  0|   8|           1|           8|
    |select_ln565_1_fu_3394_p3         |    select|   0|  0|   8|           1|           8|
    |select_ln565_2_fu_3303_p3         |    select|   0|  0|   8|           1|           8|
    |select_ln565_fu_3492_p3           |    select|   0|  0|   8|           1|           8|
    |select_ln718_fu_3657_p3           |    select|   0|  0|   2|           1|           2|
    |tmp_26_fu_3732_p3                 |    select|   0|  0|   8|           1|           1|
    |tmp_27_fu_3720_p3                 |    select|   0|  0|   8|           1|           1|
    |tmp_28_fu_3707_p3                 |    select|   0|  0|   8|           1|           1|
    |ap_enable_pp0                     |       xor|   0|  0|   2|           1|           2|
    |xor_ln1758_fu_2664_p2             |       xor|   0|  0|   2|           1|           2|
    |xor_ln1839_fu_3827_p2             |       xor|   0|  0|   2|           1|           1|
    |xor_ln1846_fu_3863_p2             |       xor|   0|  0|   2|           1|           1|
    |xor_ln1853_fu_3899_p2             |       xor|   0|  0|   2|           1|           1|
    |xor_ln565_1_fu_3377_p2            |       xor|   0|  0|   2|           1|           2|
    |xor_ln565_2_fu_3286_p2            |       xor|   0|  0|   2|           1|           2|
    |xor_ln565_fu_3475_p2              |       xor|   0|  0|   2|           1|           2|
    +----------------------------------+----------+----+---+----+------------+------------+
    |Total                             |          |   0|  0|1774|         982|         861|
    +----------------------------------+----------+----+---+----+------------+------------+

    * Multiplexer: 
    +-------------------------------------------+-----+-----------+-----+-----------+
    |                    Name                   | LUT | Input Size| Bits| Total Bits|
    +-------------------------------------------+-----+-----------+-----+-----------+
    |ap_phi_reg_pp0_iter1_hHatch_reg_1388       |    9|          2|    1|          2|
    |ap_phi_reg_pp0_iter1_phi_ln1144_reg_1476   |    9|          2|    2|          4|
    |ap_phi_reg_pp0_iter1_phi_ln1165_reg_1465   |    9|          2|    2|          4|
    |ap_phi_reg_pp0_iter1_phi_ln1186_reg_1454   |    9|          2|    2|          4|
    |ap_phi_reg_pp0_iter1_phi_ln1207_reg_1443   |    9|          2|    2|          4|
    |ap_phi_reg_pp0_iter1_phi_ln1228_reg_1432   |    9|          2|    2|          4|
    |ap_phi_reg_pp0_iter20_phi_ln1144_reg_1476  |    9|          2|    2|          4|
    |ap_phi_reg_pp0_iter20_phi_ln1165_reg_1465  |    9|          2|    2|          4|
    |ap_phi_reg_pp0_iter20_phi_ln1186_reg_1454  |    9|          2|    2|          4|
    |ap_phi_reg_pp0_iter20_phi_ln1207_reg_1443  |    9|          2|    2|          4|
    |ap_phi_reg_pp0_iter20_phi_ln1228_reg_1432  |    9|          2|    2|          4|
    |ap_phi_reg_pp0_iter20_phi_ln1504_reg_1421  |    9|          2|    2|          4|
    |ap_phi_reg_pp0_iter20_phi_ln1519_reg_1410  |    9|          2|    2|          4|
    |ap_phi_reg_pp0_iter2_hHatch_reg_1388       |   14|          3|    1|          3|
    |ap_phi_reg_pp0_iter3_phi_ln1504_reg_1421   |    9|          2|    2|          4|
    |ap_phi_reg_pp0_iter3_phi_ln1519_reg_1410   |    9|          2|    2|          4|
    |ap_sig_allocacmp_x_4                       |    9|          2|   16|         32|
    |hBarSel_0                                  |   14|          3|    3|          9|
    |hBarSel_0_loc_1_out_o                      |   14|          3|    8|         24|
    |hBarSel_3_0                                |   14|          3|    3|          9|
    |hBarSel_3_0_loc_1_out_o                    |   14|          3|    8|         24|
    |hBarSel_4_0                                |   14|          3|    8|         24|
    |hBarSel_4_0_loc_1_out_o                    |   14|          3|    8|         24|
    |hBarSel_5_0                                |   14|          3|    3|          9|
    |hBarSel_5_0_loc_1_out_o                    |   14|          3|    8|         24|
    |hdata_flag_1_fu_484                        |    9|          2|    1|          2|
    |hdata_loc_1_out_o                          |    9|          2|   16|         32|
    |p_0_0_0_0_0213_out_o                       |  125|         28|    8|        224|
    |p_0_1_0_0_0215_out_o                       |  142|         32|    8|        256|
    |p_0_2_0_0_0217_out_o                       |  113|         23|    8|        184|
    |phi_mul_fu_472                             |    9|          2|   16|         32|
    |rampVal                                    |   14|          3|    8|         24|
    |rampVal_2_flag_1_fu_480                    |    9|          2|    1|          2|
    |rampVal_2_loc_1_out_o                      |    9|          2|   16|         32|
    |rampVal_3_flag_1_fu_488                    |    9|          2|    1|          2|
    |rampVal_3_loc_1_out_o                      |    9|          2|   16|         32|
    |rampVal_loc_1_out_o                        |   14|          3|   16|         48|
    |tpgBarSelRgb_b_address0                    |   20|          4|    3|         12|
    |tpgBarSelRgb_g_address0                    |   20|          4|    3|         12|
    |tpgBarSelRgb_r_address0                    |   20|          4|    3|         12|
    |tpgBarSelYuv_u_address0                    |   20|          4|    3|         12|
    |tpgBarSelYuv_v_address0                    |   20|          4|    3|         12|
    |tpgBarSelYuv_y_address0                    |   20|          4|    3|         12|
    |vBarSel                                    |   14|          3|    3|          9|
    |vBarSel_1                                  |   14|          3|    1|          3|
    |vBarSel_2                                  |   14|          3|    8|         24|
    |vBarSel_2_loc_1_out_o                      |   14|          3|    8|         24|
    |vBarSel_3_loc_1_out_o                      |   14|          3|    8|         24|
    |vBarSel_loc_1_out_o                        |   14|          3|    8|         24|
    |xBar_0                                     |   14|          3|   11|         33|
    |xCount_0                                   |   14|          3|   10|         30|
    |xCount_3_0                                 |   14|          3|   10|         30|
    |xCount_4_0                                 |   25|          5|   10|         50|
    |xCount_5_0                                 |   14|          3|   10|         30|
    |x_fu_476                                   |    9|          2|   16|         32|
    |yCount                                     |   14|          3|   10|         30|
    |yCount_1                                   |   14|          3|    6|         18|
    |yCount_2                                   |    9|          2|   10|         20|
    |yCount_3                                   |   14|          3|   10|         30|
    |zonePlateVAddr                             |   14|          3|   16|         48|
    |zonePlateVAddr_loc_1_out_o                 |   14|          3|   16|         48|
    |zonePlateVDelta                            |    9|          2|   16|         32|
    +-------------------------------------------+-----+-----------+-----+-----------+
    |Total                                      | 1123|        242|  415|       1721|
    +-------------------------------------------+-----+-----------+-----+-----------+

    * Register: 
    +---------------------------------------------------------+----+----+-----+-----------+
    |                           Name                          | FF | LUT| Bits| Const Bits|
    +---------------------------------------------------------+----+----+-----+-----------+
    |add_ln1359_reg_5511                                      |   8|   0|    8|          0|
    |add_ln1533_reg_5479                                      |   8|   0|    8|          0|
    |add_ln549_1_reg_4919                                     |  11|   0|   11|          0|
    |add_ln549_reg_4913                                       |  11|   0|   11|          0|
    |and_ln1337_reg_4966                                      |   1|   0|    1|          0|
    |and_ln1386_reg_4997                                      |   1|   0|    1|          0|
    |and_ln1449_reg_4950                                      |   1|   0|    1|          0|
    |and_ln1568_reg_4978                                      |   1|   0|    1|          0|
    |and_ln1751_reg_4974                                      |   1|   0|    1|          0|
    |ap_CS_fsm                                                |   1|   0|    1|          0|
    |ap_loop_exit_ready_pp0_iter10_reg                        |   1|   0|    1|          0|
    |ap_loop_exit_ready_pp0_iter11_reg                        |   1|   0|    1|          0|
    |ap_loop_exit_ready_pp0_iter12_reg                        |   1|   0|    1|          0|
    |ap_loop_exit_ready_pp0_iter13_reg                        |   1|   0|    1|          0|
    |ap_loop_exit_ready_pp0_iter14_reg                        |   1|   0|    1|          0|
    |ap_loop_exit_ready_pp0_iter15_reg                        |   1|   0|    1|          0|
    |ap_loop_exit_ready_pp0_iter16_reg                        |   1|   0|    1|          0|
    |ap_loop_exit_ready_pp0_iter17_reg                        |   1|   0|    1|          0|
    |ap_loop_exit_ready_pp0_iter18_reg                        |   1|   0|    1|          0|
    |ap_loop_exit_ready_pp0_iter19_reg                        |   1|   0|    1|          0|
    |ap_loop_exit_ready_pp0_iter1_reg                         |   1|   0|    1|          0|
    |ap_loop_exit_ready_pp0_iter20_reg                        |   1|   0|    1|          0|
    |ap_loop_exit_ready_pp0_iter21_reg                        |   1|   0|    1|          0|
    |ap_loop_exit_ready_pp0_iter2_reg                         |   1|   0|    1|          0|
    |ap_loop_exit_ready_pp0_iter3_reg                         |   1|   0|    1|          0|
    |ap_loop_exit_ready_pp0_iter4_reg                         |   1|   0|    1|          0|
    |ap_loop_exit_ready_pp0_iter5_reg                         |   1|   0|    1|          0|
    |ap_loop_exit_ready_pp0_iter6_reg                         |   1|   0|    1|          0|
    |ap_loop_exit_ready_pp0_iter7_reg                         |   1|   0|    1|          0|
    |ap_loop_exit_ready_pp0_iter8_reg                         |   1|   0|    1|          0|
    |ap_loop_exit_ready_pp0_iter9_reg                         |   1|   0|    1|          0|
    |ap_phi_reg_pp0_iter10_phi_ln1144_reg_1476                |   2|   0|    2|          0|
    |ap_phi_reg_pp0_iter10_phi_ln1165_reg_1465                |   2|   0|    2|          0|
    |ap_phi_reg_pp0_iter10_phi_ln1186_reg_1454                |   2|   0|    2|          0|
    |ap_phi_reg_pp0_iter10_phi_ln1207_reg_1443                |   2|   0|    2|          0|
    |ap_phi_reg_pp0_iter10_phi_ln1228_reg_1432                |   2|   0|    2|          0|
    |ap_phi_reg_pp0_iter10_phi_ln1504_reg_1421                |   2|   0|    2|          0|
    |ap_phi_reg_pp0_iter10_phi_ln1519_reg_1410                |   2|   0|    2|          0|
    |ap_phi_reg_pp0_iter11_phi_ln1144_reg_1476                |   2|   0|    2|          0|
    |ap_phi_reg_pp0_iter11_phi_ln1165_reg_1465                |   2|   0|    2|          0|
    |ap_phi_reg_pp0_iter11_phi_ln1186_reg_1454                |   2|   0|    2|          0|
    |ap_phi_reg_pp0_iter11_phi_ln1207_reg_1443                |   2|   0|    2|          0|
    |ap_phi_reg_pp0_iter11_phi_ln1228_reg_1432                |   2|   0|    2|          0|
    |ap_phi_reg_pp0_iter11_phi_ln1504_reg_1421                |   2|   0|    2|          0|
    |ap_phi_reg_pp0_iter11_phi_ln1519_reg_1410                |   2|   0|    2|          0|
    |ap_phi_reg_pp0_iter12_phi_ln1144_reg_1476                |   2|   0|    2|          0|
    |ap_phi_reg_pp0_iter12_phi_ln1165_reg_1465                |   2|   0|    2|          0|
    |ap_phi_reg_pp0_iter12_phi_ln1186_reg_1454                |   2|   0|    2|          0|
    |ap_phi_reg_pp0_iter12_phi_ln1207_reg_1443                |   2|   0|    2|          0|
    |ap_phi_reg_pp0_iter12_phi_ln1228_reg_1432                |   2|   0|    2|          0|
    |ap_phi_reg_pp0_iter12_phi_ln1504_reg_1421                |   2|   0|    2|          0|
    |ap_phi_reg_pp0_iter12_phi_ln1519_reg_1410                |   2|   0|    2|          0|
    |ap_phi_reg_pp0_iter13_phi_ln1144_reg_1476                |   2|   0|    2|          0|
    |ap_phi_reg_pp0_iter13_phi_ln1165_reg_1465                |   2|   0|    2|          0|
    |ap_phi_reg_pp0_iter13_phi_ln1186_reg_1454                |   2|   0|    2|          0|
    |ap_phi_reg_pp0_iter13_phi_ln1207_reg_1443                |   2|   0|    2|          0|
    |ap_phi_reg_pp0_iter13_phi_ln1228_reg_1432                |   2|   0|    2|          0|
    |ap_phi_reg_pp0_iter13_phi_ln1504_reg_1421                |   2|   0|    2|          0|
    |ap_phi_reg_pp0_iter13_phi_ln1519_reg_1410                |   2|   0|    2|          0|
    |ap_phi_reg_pp0_iter14_phi_ln1144_reg_1476                |   2|   0|    2|          0|
    |ap_phi_reg_pp0_iter14_phi_ln1165_reg_1465                |   2|   0|    2|          0|
    |ap_phi_reg_pp0_iter14_phi_ln1186_reg_1454                |   2|   0|    2|          0|
    |ap_phi_reg_pp0_iter14_phi_ln1207_reg_1443                |   2|   0|    2|          0|
    |ap_phi_reg_pp0_iter14_phi_ln1228_reg_1432                |   2|   0|    2|          0|
    |ap_phi_reg_pp0_iter14_phi_ln1504_reg_1421                |   2|   0|    2|          0|
    |ap_phi_reg_pp0_iter14_phi_ln1519_reg_1410                |   2|   0|    2|          0|
    |ap_phi_reg_pp0_iter15_phi_ln1144_reg_1476                |   2|   0|    2|          0|
    |ap_phi_reg_pp0_iter15_phi_ln1165_reg_1465                |   2|   0|    2|          0|
    |ap_phi_reg_pp0_iter15_phi_ln1186_reg_1454                |   2|   0|    2|          0|
    |ap_phi_reg_pp0_iter15_phi_ln1207_reg_1443                |   2|   0|    2|          0|
    |ap_phi_reg_pp0_iter15_phi_ln1228_reg_1432                |   2|   0|    2|          0|
    |ap_phi_reg_pp0_iter15_phi_ln1504_reg_1421                |   2|   0|    2|          0|
    |ap_phi_reg_pp0_iter15_phi_ln1519_reg_1410                |   2|   0|    2|          0|
    |ap_phi_reg_pp0_iter16_phi_ln1144_reg_1476                |   2|   0|    2|          0|
    |ap_phi_reg_pp0_iter16_phi_ln1165_reg_1465                |   2|   0|    2|          0|
    |ap_phi_reg_pp0_iter16_phi_ln1186_reg_1454                |   2|   0|    2|          0|
    |ap_phi_reg_pp0_iter16_phi_ln1207_reg_1443                |   2|   0|    2|          0|
    |ap_phi_reg_pp0_iter16_phi_ln1228_reg_1432                |   2|   0|    2|          0|
    |ap_phi_reg_pp0_iter16_phi_ln1504_reg_1421                |   2|   0|    2|          0|
    |ap_phi_reg_pp0_iter16_phi_ln1519_reg_1410                |   2|   0|    2|          0|
    |ap_phi_reg_pp0_iter17_phi_ln1144_reg_1476                |   2|   0|    2|          0|
    |ap_phi_reg_pp0_iter17_phi_ln1165_reg_1465                |   2|   0|    2|          0|
    |ap_phi_reg_pp0_iter17_phi_ln1186_reg_1454                |   2|   0|    2|          0|
    |ap_phi_reg_pp0_iter17_phi_ln1207_reg_1443                |   2|   0|    2|          0|
    |ap_phi_reg_pp0_iter17_phi_ln1228_reg_1432                |   2|   0|    2|          0|
    |ap_phi_reg_pp0_iter17_phi_ln1504_reg_1421                |   2|   0|    2|          0|
    |ap_phi_reg_pp0_iter17_phi_ln1519_reg_1410                |   2|   0|    2|          0|
    |ap_phi_reg_pp0_iter18_phi_ln1144_reg_1476                |   2|   0|    2|          0|
    |ap_phi_reg_pp0_iter18_phi_ln1165_reg_1465                |   2|   0|    2|          0|
    |ap_phi_reg_pp0_iter18_phi_ln1186_reg_1454                |   2|   0|    2|          0|
    |ap_phi_reg_pp0_iter18_phi_ln1207_reg_1443                |   2|   0|    2|          0|
    |ap_phi_reg_pp0_iter18_phi_ln1228_reg_1432                |   2|   0|    2|          0|
    |ap_phi_reg_pp0_iter18_phi_ln1504_reg_1421                |   2|   0|    2|          0|
    |ap_phi_reg_pp0_iter18_phi_ln1519_reg_1410                |   2|   0|    2|          0|
    |ap_phi_reg_pp0_iter19_phi_ln1144_reg_1476                |   2|   0|    2|          0|
    |ap_phi_reg_pp0_iter19_phi_ln1165_reg_1465                |   2|   0|    2|          0|
    |ap_phi_reg_pp0_iter19_phi_ln1186_reg_1454                |   2|   0|    2|          0|
    |ap_phi_reg_pp0_iter19_phi_ln1207_reg_1443                |   2|   0|    2|          0|
    |ap_phi_reg_pp0_iter19_phi_ln1228_reg_1432                |   2|   0|    2|          0|
    |ap_phi_reg_pp0_iter19_phi_ln1504_reg_1421                |   2|   0|    2|          0|
    |ap_phi_reg_pp0_iter19_phi_ln1519_reg_1410                |   2|   0|    2|          0|
    |ap_phi_reg_pp0_iter1_hHatch_reg_1388                     |   1|   0|    1|          0|
    |ap_phi_reg_pp0_iter1_phi_ln1144_reg_1476                 |   2|   0|    2|          0|
    |ap_phi_reg_pp0_iter1_phi_ln1165_reg_1465                 |   2|   0|    2|          0|
    |ap_phi_reg_pp0_iter1_phi_ln1186_reg_1454                 |   2|   0|    2|          0|
    |ap_phi_reg_pp0_iter1_phi_ln1207_reg_1443                 |   2|   0|    2|          0|
    |ap_phi_reg_pp0_iter1_phi_ln1228_reg_1432                 |   2|   0|    2|          0|
    |ap_phi_reg_pp0_iter1_phi_ln1504_reg_1421                 |   2|   0|    2|          0|
    |ap_phi_reg_pp0_iter1_phi_ln1519_reg_1410                 |   2|   0|    2|          0|
    |ap_phi_reg_pp0_iter20_phi_ln1144_reg_1476                |   2|   0|    2|          0|
    |ap_phi_reg_pp0_iter20_phi_ln1165_reg_1465                |   2|   0|    2|          0|
    |ap_phi_reg_pp0_iter20_phi_ln1186_reg_1454                |   2|   0|    2|          0|
    |ap_phi_reg_pp0_iter20_phi_ln1207_reg_1443                |   2|   0|    2|          0|
    |ap_phi_reg_pp0_iter20_phi_ln1228_reg_1432                |   2|   0|    2|          0|
    |ap_phi_reg_pp0_iter20_phi_ln1504_reg_1421                |   2|   0|    2|          0|
    |ap_phi_reg_pp0_iter20_phi_ln1519_reg_1410                |   2|   0|    2|          0|
    |ap_phi_reg_pp0_iter2_hHatch_reg_1388                     |   1|   0|    1|          0|
    |ap_phi_reg_pp0_iter2_phi_ln1144_reg_1476                 |   2|   0|    2|          0|
    |ap_phi_reg_pp0_iter2_phi_ln1165_reg_1465                 |   2|   0|    2|          0|
    |ap_phi_reg_pp0_iter2_phi_ln1186_reg_1454                 |   2|   0|    2|          0|
    |ap_phi_reg_pp0_iter2_phi_ln1207_reg_1443                 |   2|   0|    2|          0|
    |ap_phi_reg_pp0_iter2_phi_ln1228_reg_1432                 |   2|   0|    2|          0|
    |ap_phi_reg_pp0_iter2_phi_ln1504_reg_1421                 |   2|   0|    2|          0|
    |ap_phi_reg_pp0_iter2_phi_ln1519_reg_1410                 |   2|   0|    2|          0|
    |ap_phi_reg_pp0_iter3_phi_ln1144_reg_1476                 |   2|   0|    2|          0|
    |ap_phi_reg_pp0_iter3_phi_ln1165_reg_1465                 |   2|   0|    2|          0|
    |ap_phi_reg_pp0_iter3_phi_ln1186_reg_1454                 |   2|   0|    2|          0|
    |ap_phi_reg_pp0_iter3_phi_ln1207_reg_1443                 |   2|   0|    2|          0|
    |ap_phi_reg_pp0_iter3_phi_ln1228_reg_1432                 |   2|   0|    2|          0|
    |ap_phi_reg_pp0_iter3_phi_ln1504_reg_1421                 |   2|   0|    2|          0|
    |ap_phi_reg_pp0_iter3_phi_ln1519_reg_1410                 |   2|   0|    2|          0|
    |ap_phi_reg_pp0_iter4_phi_ln1144_reg_1476                 |   2|   0|    2|          0|
    |ap_phi_reg_pp0_iter4_phi_ln1165_reg_1465                 |   2|   0|    2|          0|
    |ap_phi_reg_pp0_iter4_phi_ln1186_reg_1454                 |   2|   0|    2|          0|
    |ap_phi_reg_pp0_iter4_phi_ln1207_reg_1443                 |   2|   0|    2|          0|
    |ap_phi_reg_pp0_iter4_phi_ln1228_reg_1432                 |   2|   0|    2|          0|
    |ap_phi_reg_pp0_iter4_phi_ln1504_reg_1421                 |   2|   0|    2|          0|
    |ap_phi_reg_pp0_iter4_phi_ln1519_reg_1410                 |   2|   0|    2|          0|
    |ap_phi_reg_pp0_iter5_phi_ln1144_reg_1476                 |   2|   0|    2|          0|
    |ap_phi_reg_pp0_iter5_phi_ln1165_reg_1465                 |   2|   0|    2|          0|
    |ap_phi_reg_pp0_iter5_phi_ln1186_reg_1454                 |   2|   0|    2|          0|
    |ap_phi_reg_pp0_iter5_phi_ln1207_reg_1443                 |   2|   0|    2|          0|
    |ap_phi_reg_pp0_iter5_phi_ln1228_reg_1432                 |   2|   0|    2|          0|
    |ap_phi_reg_pp0_iter5_phi_ln1504_reg_1421                 |   2|   0|    2|          0|
    |ap_phi_reg_pp0_iter5_phi_ln1519_reg_1410                 |   2|   0|    2|          0|
    |ap_phi_reg_pp0_iter6_phi_ln1144_reg_1476                 |   2|   0|    2|          0|
    |ap_phi_reg_pp0_iter6_phi_ln1165_reg_1465                 |   2|   0|    2|          0|
    |ap_phi_reg_pp0_iter6_phi_ln1186_reg_1454                 |   2|   0|    2|          0|
    |ap_phi_reg_pp0_iter6_phi_ln1207_reg_1443                 |   2|   0|    2|          0|
    |ap_phi_reg_pp0_iter6_phi_ln1228_reg_1432                 |   2|   0|    2|          0|
    |ap_phi_reg_pp0_iter6_phi_ln1504_reg_1421                 |   2|   0|    2|          0|
    |ap_phi_reg_pp0_iter6_phi_ln1519_reg_1410                 |   2|   0|    2|          0|
    |ap_phi_reg_pp0_iter7_phi_ln1144_reg_1476                 |   2|   0|    2|          0|
    |ap_phi_reg_pp0_iter7_phi_ln1165_reg_1465                 |   2|   0|    2|          0|
    |ap_phi_reg_pp0_iter7_phi_ln1186_reg_1454                 |   2|   0|    2|          0|
    |ap_phi_reg_pp0_iter7_phi_ln1207_reg_1443                 |   2|   0|    2|          0|
    |ap_phi_reg_pp0_iter7_phi_ln1228_reg_1432                 |   2|   0|    2|          0|
    |ap_phi_reg_pp0_iter7_phi_ln1504_reg_1421                 |   2|   0|    2|          0|
    |ap_phi_reg_pp0_iter7_phi_ln1519_reg_1410                 |   2|   0|    2|          0|
    |ap_phi_reg_pp0_iter8_phi_ln1144_reg_1476                 |   2|   0|    2|          0|
    |ap_phi_reg_pp0_iter8_phi_ln1165_reg_1465                 |   2|   0|    2|          0|
    |ap_phi_reg_pp0_iter8_phi_ln1186_reg_1454                 |   2|   0|    2|          0|
    |ap_phi_reg_pp0_iter8_phi_ln1207_reg_1443                 |   2|   0|    2|          0|
    |ap_phi_reg_pp0_iter8_phi_ln1228_reg_1432                 |   2|   0|    2|          0|
    |ap_phi_reg_pp0_iter8_phi_ln1504_reg_1421                 |   2|   0|    2|          0|
    |ap_phi_reg_pp0_iter8_phi_ln1519_reg_1410                 |   2|   0|    2|          0|
    |ap_phi_reg_pp0_iter9_phi_ln1144_reg_1476                 |   2|   0|    2|          0|
    |ap_phi_reg_pp0_iter9_phi_ln1165_reg_1465                 |   2|   0|    2|          0|
    |ap_phi_reg_pp0_iter9_phi_ln1186_reg_1454                 |   2|   0|    2|          0|
    |ap_phi_reg_pp0_iter9_phi_ln1207_reg_1443                 |   2|   0|    2|          0|
    |ap_phi_reg_pp0_iter9_phi_ln1228_reg_1432                 |   2|   0|    2|          0|
    |ap_phi_reg_pp0_iter9_phi_ln1504_reg_1421                 |   2|   0|    2|          0|
    |ap_phi_reg_pp0_iter9_phi_ln1519_reg_1410                 |   2|   0|    2|          0|
    |ap_predicate_pred1875_state22                            |   1|   0|    1|          0|
    |ap_predicate_pred2165_state21                            |   1|   0|    1|          0|
    |ap_predicate_pred2206_state20                            |   1|   0|    1|          0|
    |ap_predicate_pred2206_state22                            |   1|   0|    1|          0|
    |ap_predicate_pred2217_state20                            |   1|   0|    1|          0|
    |ap_predicate_pred2217_state22                            |   1|   0|    1|          0|
    |ap_predicate_pred2228_state20                            |   1|   0|    1|          0|
    |ap_predicate_pred2228_state22                            |   1|   0|    1|          0|
    |ap_predicate_pred2250_state22                            |   1|   0|    1|          0|
    |ap_predicate_pred2255_state22                            |   1|   0|    1|          0|
    |ap_predicate_pred2260_state22                            |   1|   0|    1|          0|
    |ap_predicate_pred2265_state22                            |   1|   0|    1|          0|
    |ap_predicate_pred2270_state22                            |   1|   0|    1|          0|
    |ap_predicate_pred2277_state22                            |   1|   0|    1|          0|
    |ap_predicate_pred2293_state22                            |   1|   0|    1|          0|
    |ap_predicate_pred2297_state21                            |   1|   0|    1|          0|
    |ap_predicate_pred2303_state21                            |   1|   0|    1|          0|
    |ap_predicate_pred2324_state19                            |   1|   0|    1|          0|
    |ap_predicate_pred2330_state19                            |   1|   0|    1|          0|
    |ap_predicate_pred2348_state6                             |   1|   0|    1|          0|
    |ap_predicate_pred2354_state6                             |   1|   0|    1|          0|
    |ap_predicate_pred2371_state18                            |   1|   0|    1|          0|
    |ap_predicate_pred2375_state18                            |   1|   0|    1|          0|
    |ap_predicate_pred2381_state18                            |   1|   0|    1|          0|
    |ap_predicate_pred2398_state18                            |   1|   0|    1|          0|
    |ap_predicate_pred2414_state22                            |   1|   0|    1|          0|
    |ap_predicate_pred2424_state18                            |   1|   0|    1|          0|
    |ap_predicate_pred2428_state18                            |   1|   0|    1|          0|
    |ap_predicate_pred2434_state18                            |   1|   0|    1|          0|
    |ap_predicate_pred2448_state18                            |   1|   0|    1|          0|
    |ap_predicate_pred2464_state21                            |   1|   0|    1|          0|
    |ap_predicate_pred2464_state22                            |   1|   0|    1|          0|
    |ap_predicate_pred2483_state18                            |   1|   0|    1|          0|
    |ap_predicate_pred2489_state18                            |   1|   0|    1|          0|
    |ap_predicate_pred2501_state18                            |   1|   0|    1|          0|
    |ap_predicate_pred2508_state18                            |   1|   0|    1|          0|
    |ap_predicate_pred2533_state22                            |   1|   0|    1|          0|
    |ap_predicate_pred2539_state22                            |   1|   0|    1|          0|
    |ap_predicate_pred2546_state22                            |   1|   0|    1|          0|
    |ap_predicate_pred2553_state22                            |   1|   0|    1|          0|
    |ap_predicate_pred2560_state22                            |   1|   0|    1|          0|
    |ap_predicate_pred2568_state22                            |   1|   0|    1|          0|
    |ap_predicate_pred2585_state22                            |   1|   0|    1|          0|
    |ap_predicate_pred2595_state22                            |   1|   0|    1|          0|
    |ap_predicate_pred2604_state22                            |   1|   0|    1|          0|
    |ap_predicate_pred2613_state22                            |   1|   0|    1|          0|
    |ap_predicate_pred2619_state22                            |   1|   0|    1|          0|
    |ap_predicate_pred2627_state22                            |   1|   0|    1|          0|
    |ap_predicate_pred2633_state22                            |   1|   0|    1|          0|
    |ap_predicate_pred2667_state22                            |   1|   0|    1|          0|
    |ap_predicate_pred2680_state22                            |   1|   0|    1|          0|
    |ap_predicate_pred2693_state22                            |   1|   0|    1|          0|
    |ap_predicate_pred2705_state22                            |   1|   0|    1|          0|
    |ap_predicate_pred2717_state22                            |   1|   0|    1|          0|
    |ap_predicate_pred2730_state22                            |   1|   0|    1|          0|
    |ap_predicate_pred2831_state5                             |   1|   0|    1|          0|
    |ap_predicate_pred2841_state17                            |   1|   0|    1|          0|
    |ap_predicate_pred2885_state17                            |   1|   0|    1|          0|
    |ap_predicate_pred2946_state17                            |   1|   0|    1|          0|
    |ap_predicate_pred2988_state17                            |   1|   0|    1|          0|
    |ap_predicate_pred3004_state17                            |   1|   0|    1|          0|
    |ap_predicate_pred3042_state17                            |   1|   0|    1|          0|
    |ap_predicate_pred570_state20                             |   1|   0|    1|          0|
    |ap_predicate_pred575_state20                             |   1|   0|    1|          0|
    |ap_predicate_pred584_state20                             |   1|   0|    1|          0|
    |ap_predicate_pred593_state20                             |   1|   0|    1|          0|
    |ap_predicate_pred602_state20                             |   1|   0|    1|          0|
    |ap_predicate_pred611_state20                             |   1|   0|    1|          0|
    |ap_predicate_pred620_state20                             |   1|   0|    1|          0|
    |ap_predicate_pred629_state20                             |   1|   0|    1|          0|
    |ap_predicate_pred629_state21                             |   1|   0|    1|          0|
    |ap_predicate_pred629_state22                             |   1|   0|    1|          0|
    |ap_predicate_pred634_state20                             |   1|   0|    1|          0|
    |ap_predicate_pred634_state21                             |   1|   0|    1|          0|
    |ap_predicate_pred634_state22                             |   1|   0|    1|          0|
    |ap_predicate_pred640_state20                             |   1|   0|    1|          0|
    |ap_predicate_pred640_state21                             |   1|   0|    1|          0|
    |ap_predicate_pred640_state22                             |   1|   0|    1|          0|
    |ap_predicate_pred648_state20                             |   1|   0|    1|          0|
    |ap_predicate_pred648_state21                             |   1|   0|    1|          0|
    |ap_predicate_pred648_state22                             |   1|   0|    1|          0|
    |ap_predicate_pred652_state20                             |   1|   0|    1|          0|
    |ap_predicate_pred652_state21                             |   1|   0|    1|          0|
    |ap_predicate_pred652_state22                             |   1|   0|    1|          0|
    |ap_predicate_pred657_state20                             |   1|   0|    1|          0|
    |ap_predicate_pred657_state21                             |   1|   0|    1|          0|
    |ap_predicate_pred657_state22                             |   1|   0|    1|          0|
    |bSerie                                                   |  28|   0|   28|          0|
    |b_2_reg_5207                                             |   8|   0|    8|          0|
    |b_reg_5144                                               |   8|   0|    8|          0|
    |barWidth_cast_cast_reg_4848                              |  11|   0|   12|          1|
    |cmp121_i_reg_4933                                        |   1|   0|    1|          0|
    |cmp54_i_reg_4929                                         |   1|   0|    1|          0|
    |conv2_i_i10_i264_cast_cast_cast_cast_cast_cast_reg_4858  |   5|   0|    8|          3|
    |conv2_i_i_i248_cast_cast_cast_reg_4870                   |   5|   0|    8|          3|
    |conv2_i_i_i_cast_cast_reg_4864                           |   8|   0|    8|          0|
    |gSerie                                                   |  28|   0|   28|          0|
    |g_2_reg_5320                                             |   8|   0|    8|          0|
    |g_2_reg_5320_pp0_iter20_reg                              |   8|   0|    8|          0|
    |g_reg_5139                                               |   8|   0|    8|          0|
    |hdata_flag_1_fu_484                                      |   1|   0|    1|          0|
    |icmp_ln1072_reg_4903                                     |   1|   0|    1|          0|
    |icmp_ln1095_reg_4970                                     |   1|   0|    1|          0|
    |icmp_ln1250_reg_5005                                     |   1|   0|    1|          0|
    |icmp_ln1330_reg_4962                                     |   1|   0|    1|          0|
    |icmp_ln1381_reg_4958                                     |   1|   0|    1|          0|
    |icmp_ln1405_reg_5001                                     |   1|   0|    1|          0|
    |icmp_ln1449_reg_4946                                     |   1|   0|    1|          0|
    |icmp_ln1473_reg_4954                                     |   1|   0|    1|          0|
    |icmp_ln1563_reg_4942                                     |   1|   0|    1|          0|
    |icmp_ln1586_reg_4982                                     |   1|   0|    1|          0|
    |icmp_ln1629_reg_4937                                     |   1|   0|    1|          0|
    |icmp_ln1637_2_reg_5463                                   |   1|   0|    1|          0|
    |icmp_ln1637_reg_5457                                     |   1|   0|    1|          0|
    |icmp_ln1746_reg_4925                                     |   1|   0|    1|          0|
    |icmp_ln565_reg_4876                                      |   1|   0|    1|          0|
    |lshr_ln3_reg_5023                                        |  11|   0|   11|          0|
    |mul_ln1356_reg_5356                                      |  28|   0|   28|          0|
    |or_ln1494_reg_5009                                       |   1|   0|    1|          0|
    |pf_all_done                                              |   1|   0|    1|          0|
    |phi_ln1260_reg_5517                                      |   8|   0|    8|          0|
    |phi_ln1418_reg_5501                                      |   8|   0|    8|          0|
    |phi_ln1599_reg_5469                                      |   8|   0|    8|          0|
    |phi_mul_fu_472                                           |  16|   0|   16|          0|
    |pix_10_reg_5432                                          |   6|   0|    6|          0|
    |pix_11_reg_5437                                          |   6|   0|    6|          0|
    |pix_12_reg_5412                                          |   8|   0|    8|          0|
    |pix_13_reg_5422                                          |   8|   0|    8|          0|
    |pix_14_reg_5417                                          |   8|   0|    8|          0|
    |pix_15_reg_5397                                          |   8|   0|    8|          0|
    |pix_16_reg_5407                                          |   8|   0|    8|          0|
    |pix_17_reg_5402                                          |   8|   0|    8|          0|
    |pix_6_reg_5442                                           |   2|   0|    2|          0|
    |pix_7_reg_5447                                           |   2|   0|    2|          0|
    |pix_8_reg_5452                                           |   2|   0|    2|          0|
    |pix_9_reg_5427                                           |   6|   0|    6|          0|
    |rSerie                                                   |  28|   0|   28|          0|
    |r_2_reg_5484                                             |   8|   0|    8|          0|
    |r_reg_5133                                               |   8|   0|    8|          0|
    |rampVal_2_flag_1_fu_480                                  |   1|   0|    1|          0|
    |rampVal_3_flag_1_fu_488                                  |   1|   0|    1|          0|
    |reg_1515                                                 |   8|   0|    8|          0|
    |reg_1519                                                 |   2|   0|    2|          0|
    |select_ln565_1_reg_5506                                  |   8|   0|    8|          0|
    |select_ln565_2_reg_5474                                  |   8|   0|    8|          0|
    |select_ln565_reg_5522                                    |   8|   0|    8|          0|
    |tmp_10_reg_5033                                          |   9|   0|    9|          0|
    |tmp_17_reg_5038                                          |   9|   0|    9|          0|
    |tmp_3_reg_5123                                           |   9|   0|    9|          0|
    |tmp_4_reg_5128                                           |   9|   0|    9|          0|
    |tmp_8_reg_5028                                           |   9|   0|    9|          0|
    |tmp_reg_5118                                             |   9|   0|    9|          0|
    |tpgSinTableArray_load_reg_5220                           |  20|   0|   20|          0|
    |trunc_ln1356_reg_5362                                    |  27|   0|   27|          0|
    |trunc_ln565_11_reg_4897                                  |  11|   0|   11|          0|
    |trunc_ln565_7_reg_4880                                   |   1|   0|    1|          0|
    |vHatch                                                   |   1|   0|    1|          0|
    |xBar_0                                                   |  11|   0|   11|          0|
    |xCount_0                                                 |  10|   0|   10|          0|
    |xCount_3_0                                               |  10|   0|   10|          0|
    |xCount_4_0                                               |  10|   0|   10|          0|
    |xCount_5_0                                               |  10|   0|   10|          0|
    |x_fu_476                                                 |  16|   0|   16|          0|
    |yCount                                                   |  10|   0|   10|          0|
    |yCount_1                                                 |   6|   0|    6|          0|
    |yCount_2                                                 |  10|   0|   10|          0|
    |yCount_3                                                 |  10|   0|   10|          0|
    |zext_ln1084_cast_reg_4853                                |   8|   0|   16|          8|
    |zext_ln1302_1_reg_5157                                   |   8|   0|   16|          8|
    |zonePlateVDelta                                          |  16|   0|   16|          0|
    |add_ln549_1_reg_4919                                     |  64|  32|   11|          0|
    |add_ln549_reg_4913                                       |  64|  32|   11|          0|
    |and_ln1337_reg_4966                                      |  64|  32|    1|          0|
    |and_ln1386_reg_4997                                      |  64|  32|    1|          0|
    |and_ln1568_reg_4978                                      |  64|  32|    1|          0|
    |and_ln1751_reg_4974                                      |  64|  32|    1|          0|
    |b_2_reg_5207                                             |  64|  32|    8|          0|
    |b_reg_5144                                               |  64|  32|    8|          0|
    |cmp121_i_reg_4933                                        |  64|  32|    1|          0|
    |cmp54_i_reg_4929                                         |  64|  32|    1|          0|
    |g_reg_5139                                               |  64|  32|    8|          0|
    |icmp_ln1072_reg_4903                                     |  64|  32|    1|          0|
    |icmp_ln1095_reg_4970                                     |  64|  32|    1|          0|
    |icmp_ln1250_reg_5005                                     |  64|  32|    1|          0|
    |icmp_ln1330_reg_4962                                     |  64|  32|    1|          0|
    |icmp_ln1381_reg_4958                                     |  64|  32|    1|          0|
    |icmp_ln1405_reg_5001                                     |  64|  32|    1|          0|
    |icmp_ln1563_reg_4942                                     |  64|  32|    1|          0|
    |icmp_ln1586_reg_4982                                     |  64|  32|    1|          0|
    |icmp_ln1629_reg_4937                                     |  64|  32|    1|          0|
    |icmp_ln1746_reg_4925                                     |  64|  32|    1|          0|
    |icmp_ln565_reg_4876                                      |  64|  32|    1|          0|
    |lshr_ln3_reg_5023                                        |  64|  32|   11|          0|
    |or_ln1494_reg_5009                                       |  64|  32|    1|          0|
    |r_reg_5133                                               |  64|  32|    8|          0|
    |trunc_ln565_11_reg_4897                                  |  64|  32|   11|          0|
    |trunc_ln565_7_reg_4880                                   |  64|  32|    1|          0|
    +---------------------------------------------------------+----+----+-----+-----------+
    |Total                                                    |2787| 864| 1177|         23|
    +---------------------------------------------------------+----+----+-----+-----------+



================================================================
== Interface
================================================================
* Summary: 
+--------------------------------------+-----+-----+------------+-----------------------------------------+--------------+
|               RTL Ports              | Dir | Bits|  Protocol  |              Source Object              |    C Type    |
+--------------------------------------+-----+-----+------------+-----------------------------------------+--------------+
|ap_clk                                |   in|    1|  ap_ctrl_hs|  tpgBackground_Pipeline_VITIS_LOOP_565_2|  return value|
|ap_rst                                |   in|    1|  ap_ctrl_hs|  tpgBackground_Pipeline_VITIS_LOOP_565_2|  return value|
|ap_start                              |   in|    1|  ap_ctrl_hs|  tpgBackground_Pipeline_VITIS_LOOP_565_2|  return value|
|ap_done                               |  out|    1|  ap_ctrl_hs|  tpgBackground_Pipeline_VITIS_LOOP_565_2|  return value|
|ap_idle                               |  out|    1|  ap_ctrl_hs|  tpgBackground_Pipeline_VITIS_LOOP_565_2|  return value|
|ap_ready                              |  out|    1|  ap_ctrl_hs|  tpgBackground_Pipeline_VITIS_LOOP_565_2|  return value|
|bckgndYUV_din                         |  out|   24|     ap_fifo|                                bckgndYUV|       pointer|
|bckgndYUV_num_data_valid              |   in|    5|     ap_fifo|                                bckgndYUV|       pointer|
|bckgndYUV_fifo_cap                    |   in|    5|     ap_fifo|                                bckgndYUV|       pointer|
|bckgndYUV_full_n                      |   in|    1|     ap_fifo|                                bckgndYUV|       pointer|
|bckgndYUV_write                       |  out|    1|     ap_fifo|                                bckgndYUV|       pointer|
|rampVal_3_flag_0                      |   in|    1|     ap_none|                         rampVal_3_flag_0|        scalar|
|hdata_flag_0                          |   in|    1|     ap_none|                             hdata_flag_0|        scalar|
|rampVal_2_flag_0                      |   in|    1|     ap_none|                         rampVal_2_flag_0|        scalar|
|width_val                             |   in|   16|     ap_none|                                width_val|        scalar|
|pix_5                                 |   in|    8|     ap_none|                                    pix_5|        scalar|
|pix                                   |   in|    8|     ap_none|                                      pix|        scalar|
|conv2_i_i_i266                        |   in|    8|     ap_none|                           conv2_i_i_i266|        scalar|
|conv2_i_i_i248_cast_cast              |   in|    5|     ap_none|                 conv2_i_i_i248_cast_cast|        scalar|
|conv2_i_i_i_cast                      |   in|    1|     ap_none|                         conv2_i_i_i_cast|        scalar|
|conv2_i_i10_i264_cast_cast_cast_cast  |   in|    3|     ap_none|     conv2_i_i10_i264_cast_cast_cast_cast|        scalar|
|conv2_i_i10_i246                      |   in|    8|     ap_none|                         conv2_i_i10_i246|        scalar|
|conv2_i_i10_i241                      |   in|    8|     ap_none|                         conv2_i_i10_i241|        scalar|
|rampStart_1                           |   in|    8|     ap_none|                              rampStart_1|        scalar|
|ZplateHorContStart_val                |   in|   16|     ap_none|                   ZplateHorContStart_val|        scalar|
|patternId_val                         |   in|    8|     ap_none|                            patternId_val|        scalar|
|cmp2_i236                             |   in|    1|     ap_none|                                cmp2_i236|        scalar|
|zext_ln1084                           |   in|    8|     ap_none|                              zext_ln1084|        scalar|
|y                                     |   in|   16|     ap_none|                                        y|        scalar|
|colorFormat_val                       |   in|    8|     ap_none|                          colorFormat_val|        scalar|
|barWidth_cast                         |   in|   11|     ap_none|                            barWidth_cast|        scalar|
|barWidth                              |   in|   11|     ap_none|                                 barWidth|        scalar|
|ZplateHorContDelta_val                |   in|   16|     ap_none|                   ZplateHorContDelta_val|        scalar|
|ZplateVerContStart_val                |   in|   16|     ap_none|                   ZplateVerContStart_val|        scalar|
|cmp12_i                               |   in|    1|     ap_none|                                  cmp12_i|        scalar|
|ZplateVerContDelta_val                |   in|   16|     ap_none|                   ZplateVerContDelta_val|        scalar|
|sub_i_i_i                             |   in|   11|     ap_none|                                sub_i_i_i|        scalar|
|barWidthMinSamples                    |   in|   10|     ap_none|                       barWidthMinSamples|        scalar|
|width_val_cast31                      |   in|   16|     ap_none|                         width_val_cast31|        scalar|
|height_val_cast23                     |   in|   16|     ap_none|                        height_val_cast23|        scalar|
|zext_ln565                            |   in|   16|     ap_none|                               zext_ln565|        scalar|
|empty                                 |   in|    8|     ap_none|                                    empty|        scalar|
|icmp                                  |   in|    1|     ap_none|                                     icmp|        scalar|
|Sel                                   |   in|    2|     ap_none|                                      Sel|        scalar|
|dpDynamicRange_val                    |   in|    8|     ap_none|                       dpDynamicRange_val|        scalar|
|dpYUVCoef_val                         |   in|    8|     ap_none|                            dpYUVCoef_val|        scalar|
|rampVal_3_flag_1_out                  |  out|    1|      ap_vld|                     rampVal_3_flag_1_out|       pointer|
|rampVal_3_flag_1_out_ap_vld           |  out|    1|      ap_vld|                     rampVal_3_flag_1_out|       pointer|
|rampVal_3_new_1_out                   |  out|   16|      ap_vld|                      rampVal_3_new_1_out|       pointer|
|rampVal_3_new_1_out_ap_vld            |  out|    1|      ap_vld|                      rampVal_3_new_1_out|       pointer|
|rampVal_3_loc_1_out_i                 |   in|   16|     ap_ovld|                      rampVal_3_loc_1_out|       pointer|
|rampVal_3_loc_1_out_o                 |  out|   16|     ap_ovld|                      rampVal_3_loc_1_out|       pointer|
|rampVal_3_loc_1_out_o_ap_vld          |  out|    1|     ap_ovld|                      rampVal_3_loc_1_out|       pointer|
|rampVal_loc_1_out_i                   |   in|   16|     ap_ovld|                        rampVal_loc_1_out|       pointer|
|rampVal_loc_1_out_o                   |  out|   16|     ap_ovld|                        rampVal_loc_1_out|       pointer|
|rampVal_loc_1_out_o_ap_vld            |  out|    1|     ap_ovld|                        rampVal_loc_1_out|       pointer|
|hBarSel_4_0_loc_1_out_i               |   in|    8|     ap_ovld|                    hBarSel_4_0_loc_1_out|       pointer|
|hBarSel_4_0_loc_1_out_o               |  out|    8|     ap_ovld|                    hBarSel_4_0_loc_1_out|       pointer|
|hBarSel_4_0_loc_1_out_o_ap_vld        |  out|    1|     ap_ovld|                    hBarSel_4_0_loc_1_out|       pointer|
|zonePlateVAddr_loc_1_out_i            |   in|   16|     ap_ovld|                 zonePlateVAddr_loc_1_out|       pointer|
|zonePlateVAddr_loc_1_out_o            |  out|   16|     ap_ovld|                 zonePlateVAddr_loc_1_out|       pointer|
|zonePlateVAddr_loc_1_out_o_ap_vld     |  out|    1|     ap_ovld|                 zonePlateVAddr_loc_1_out|       pointer|
|vBarSel_loc_1_out_i                   |   in|    8|     ap_ovld|                        vBarSel_loc_1_out|       pointer|
|vBarSel_loc_1_out_o                   |  out|    8|     ap_ovld|                        vBarSel_loc_1_out|       pointer|
|vBarSel_loc_1_out_o_ap_vld            |  out|    1|     ap_ovld|                        vBarSel_loc_1_out|       pointer|
|hBarSel_0_loc_1_out_i                 |   in|    8|     ap_ovld|                      hBarSel_0_loc_1_out|       pointer|
|hBarSel_0_loc_1_out_o                 |  out|    8|     ap_ovld|                      hBarSel_0_loc_1_out|       pointer|
|hBarSel_0_loc_1_out_o_ap_vld          |  out|    1|     ap_ovld|                      hBarSel_0_loc_1_out|       pointer|
|hdata_flag_1_out                      |  out|    1|      ap_vld|                         hdata_flag_1_out|       pointer|
|hdata_flag_1_out_ap_vld               |  out|    1|      ap_vld|                         hdata_flag_1_out|       pointer|
|hdata_new_1_out                       |  out|   16|      ap_vld|                          hdata_new_1_out|       pointer|
|hdata_new_1_out_ap_vld                |  out|    1|      ap_vld|                          hdata_new_1_out|       pointer|
|hdata_loc_1_out_i                     |   in|   16|     ap_ovld|                          hdata_loc_1_out|       pointer|
|hdata_loc_1_out_o                     |  out|   16|     ap_ovld|                          hdata_loc_1_out|       pointer|
|hdata_loc_1_out_o_ap_vld              |  out|    1|     ap_ovld|                          hdata_loc_1_out|       pointer|
|vBarSel_2_loc_1_out_i                 |   in|    8|     ap_ovld|                      vBarSel_2_loc_1_out|       pointer|
|vBarSel_2_loc_1_out_o                 |  out|    8|     ap_ovld|                      vBarSel_2_loc_1_out|       pointer|
|vBarSel_2_loc_1_out_o_ap_vld          |  out|    1|     ap_ovld|                      vBarSel_2_loc_1_out|       pointer|
|hBarSel_3_0_loc_1_out_i               |   in|    8|     ap_ovld|                    hBarSel_3_0_loc_1_out|       pointer|
|hBarSel_3_0_loc_1_out_o               |  out|    8|     ap_ovld|                    hBarSel_3_0_loc_1_out|       pointer|
|hBarSel_3_0_loc_1_out_o_ap_vld        |  out|    1|     ap_ovld|                    hBarSel_3_0_loc_1_out|       pointer|
|rampVal_2_flag_1_out                  |  out|    1|      ap_vld|                     rampVal_2_flag_1_out|       pointer|
|rampVal_2_flag_1_out_ap_vld           |  out|    1|      ap_vld|                     rampVal_2_flag_1_out|       pointer|
|rampVal_2_new_1_out                   |  out|   16|      ap_vld|                      rampVal_2_new_1_out|       pointer|
|rampVal_2_new_1_out_ap_vld            |  out|    1|      ap_vld|                      rampVal_2_new_1_out|       pointer|
|rampVal_2_loc_1_out_i                 |   in|   16|     ap_ovld|                      rampVal_2_loc_1_out|       pointer|
|rampVal_2_loc_1_out_o                 |  out|   16|     ap_ovld|                      rampVal_2_loc_1_out|       pointer|
|rampVal_2_loc_1_out_o_ap_vld          |  out|    1|     ap_ovld|                      rampVal_2_loc_1_out|       pointer|
|vBarSel_3_loc_1_out_i                 |   in|    8|     ap_ovld|                      vBarSel_3_loc_1_out|       pointer|
|vBarSel_3_loc_1_out_o                 |  out|    8|     ap_ovld|                      vBarSel_3_loc_1_out|       pointer|
|vBarSel_3_loc_1_out_o_ap_vld          |  out|    1|     ap_ovld|                      vBarSel_3_loc_1_out|       pointer|
|hBarSel_5_0_loc_1_out_i               |   in|    8|     ap_ovld|                    hBarSel_5_0_loc_1_out|       pointer|
|hBarSel_5_0_loc_1_out_o               |  out|    8|     ap_ovld|                    hBarSel_5_0_loc_1_out|       pointer|
|hBarSel_5_0_loc_1_out_o_ap_vld        |  out|    1|     ap_ovld|                    hBarSel_5_0_loc_1_out|       pointer|
|p_0_2_0_0_0217_out_i                  |   in|    8|     ap_ovld|                       p_0_2_0_0_0217_out|       pointer|
|p_0_2_0_0_0217_out_o                  |  out|    8|     ap_ovld|                       p_0_2_0_0_0217_out|       pointer|
|p_0_2_0_0_0217_out_o_ap_vld           |  out|    1|     ap_ovld|                       p_0_2_0_0_0217_out|       pointer|
|p_0_1_0_0_0215_out_i                  |   in|    8|     ap_ovld|                       p_0_1_0_0_0215_out|       pointer|
|p_0_1_0_0_0215_out_o                  |  out|    8|     ap_ovld|                       p_0_1_0_0_0215_out|       pointer|
|p_0_1_0_0_0215_out_o_ap_vld           |  out|    1|     ap_ovld|                       p_0_1_0_0_0215_out|       pointer|
|p_0_0_0_0_0213_out_i                  |   in|    8|     ap_ovld|                       p_0_0_0_0_0213_out|       pointer|
|p_0_0_0_0_0213_out_o                  |  out|    8|     ap_ovld|                       p_0_0_0_0_0213_out|       pointer|
|p_0_0_0_0_0213_out_o_ap_vld           |  out|    1|     ap_ovld|                       p_0_0_0_0_0213_out|       pointer|
|rampVal                               |  out|    8|      ap_vld|                                  rampVal|       pointer|
|rampVal_ap_vld                        |  out|    1|      ap_vld|                                  rampVal|       pointer|
|hBarSel_4_0                           |  out|    8|      ap_vld|                              hBarSel_4_0|       pointer|
|hBarSel_4_0_ap_vld                    |  out|    1|      ap_vld|                              hBarSel_4_0|       pointer|
|s                                     |   in|   32|     ap_none|                                        s|       pointer|
|zonePlateVAddr                        |  out|   16|      ap_vld|                           zonePlateVAddr|       pointer|
|zonePlateVAddr_ap_vld                 |  out|    1|      ap_vld|                           zonePlateVAddr|       pointer|
|hBarSel_0                             |  out|    3|      ap_vld|                                hBarSel_0|       pointer|
|hBarSel_0_ap_vld                      |  out|    1|      ap_vld|                                hBarSel_0|       pointer|
|vBarSel                               |  out|    3|      ap_vld|                                  vBarSel|       pointer|
|vBarSel_ap_vld                        |  out|    1|      ap_vld|                                  vBarSel|       pointer|
|hBarSel_3_0                           |  out|    3|      ap_vld|                              hBarSel_3_0|       pointer|
|hBarSel_3_0_ap_vld                    |  out|    1|      ap_vld|                              hBarSel_3_0|       pointer|
|vBarSel_2                             |  out|    8|      ap_vld|                                vBarSel_2|       pointer|
|vBarSel_2_ap_vld                      |  out|    1|      ap_vld|                                vBarSel_2|       pointer|
|hBarSel_5_0                           |  out|    3|      ap_vld|                              hBarSel_5_0|       pointer|
|hBarSel_5_0_ap_vld                    |  out|    1|      ap_vld|                              hBarSel_5_0|       pointer|
|vBarSel_1                             |  out|    1|      ap_vld|                                vBarSel_1|       pointer|
|vBarSel_1_ap_vld                      |  out|    1|      ap_vld|                                vBarSel_1|       pointer|
+--------------------------------------+-----+-----+------------+-----------------------------------------+--------------+

